Archive member included to satisfy reference by file (symbol)

C:/ST/STM32CubeCLT_1.17.0/GNU-tools-for-STM32/bin/../lib/gcc/arm-none-eabi/12.3.1/../../../../arm-none-eabi/lib/thumb/v8-m.main+fp/hard\libc_nano.a(libc_a-exit.o)
                              C:/ST/STM32CubeCLT_1.17.0/GNU-tools-for-STM32/bin/../lib/gcc/arm-none-eabi/12.3.1/../../../../arm-none-eabi/lib/thumb/v8-m.main+fp/hard/crt0.o (exit)
C:/ST/STM32CubeCLT_1.17.0/GNU-tools-for-STM32/bin/../lib/gcc/arm-none-eabi/12.3.1/../../../../arm-none-eabi/lib/thumb/v8-m.main+fp/hard\libc_nano.a(libc_a-findfp.o)
                              C:/ST/STM32CubeCLT_1.17.0/GNU-tools-for-STM32/bin/../lib/gcc/arm-none-eabi/12.3.1/../../../../arm-none-eabi/lib/thumb/v8-m.main+fp/hard\libc_nano.a(libc_a-exit.o) (__stdio_exit_handler)
C:/ST/STM32CubeCLT_1.17.0/GNU-tools-for-STM32/bin/../lib/gcc/arm-none-eabi/12.3.1/../../../../arm-none-eabi/lib/thumb/v8-m.main+fp/hard\libc_nano.a(libc_a-fwalk.o)
                              C:/ST/STM32CubeCLT_1.17.0/GNU-tools-for-STM32/bin/../lib/gcc/arm-none-eabi/12.3.1/../../../../arm-none-eabi/lib/thumb/v8-m.main+fp/hard\libc_nano.a(libc_a-findfp.o) (_fwalk_sglue)
C:/ST/STM32CubeCLT_1.17.0/GNU-tools-for-STM32/bin/../lib/gcc/arm-none-eabi/12.3.1/../../../../arm-none-eabi/lib/thumb/v8-m.main+fp/hard\libc_nano.a(libc_a-stdio.o)
                              C:/ST/STM32CubeCLT_1.17.0/GNU-tools-for-STM32/bin/../lib/gcc/arm-none-eabi/12.3.1/../../../../arm-none-eabi/lib/thumb/v8-m.main+fp/hard\libc_nano.a(libc_a-findfp.o) (__sread)
C:/ST/STM32CubeCLT_1.17.0/GNU-tools-for-STM32/bin/../lib/gcc/arm-none-eabi/12.3.1/../../../../arm-none-eabi/lib/thumb/v8-m.main+fp/hard\libc_nano.a(libc_a-memset.o)
                              C:/ST/STM32CubeCLT_1.17.0/GNU-tools-for-STM32/bin/../lib/gcc/arm-none-eabi/12.3.1/../../../../arm-none-eabi/lib/thumb/v8-m.main+fp/hard/crt0.o (memset)
C:/ST/STM32CubeCLT_1.17.0/GNU-tools-for-STM32/bin/../lib/gcc/arm-none-eabi/12.3.1/../../../../arm-none-eabi/lib/thumb/v8-m.main+fp/hard\libc_nano.a(libc_a-closer.o)
                              C:/ST/STM32CubeCLT_1.17.0/GNU-tools-for-STM32/bin/../lib/gcc/arm-none-eabi/12.3.1/../../../../arm-none-eabi/lib/thumb/v8-m.main+fp/hard\libc_nano.a(libc_a-stdio.o) (_close_r)
C:/ST/STM32CubeCLT_1.17.0/GNU-tools-for-STM32/bin/../lib/gcc/arm-none-eabi/12.3.1/../../../../arm-none-eabi/lib/thumb/v8-m.main+fp/hard\libc_nano.a(libc_a-reent.o)
                              C:/ST/STM32CubeCLT_1.17.0/GNU-tools-for-STM32/bin/../lib/gcc/arm-none-eabi/12.3.1/../../../../arm-none-eabi/lib/thumb/v8-m.main+fp/hard\libc_nano.a(libc_a-closer.o) (errno)
C:/ST/STM32CubeCLT_1.17.0/GNU-tools-for-STM32/bin/../lib/gcc/arm-none-eabi/12.3.1/../../../../arm-none-eabi/lib/thumb/v8-m.main+fp/hard\libc_nano.a(libc_a-impure.o)
                              C:/ST/STM32CubeCLT_1.17.0/GNU-tools-for-STM32/bin/../lib/gcc/arm-none-eabi/12.3.1/../../../../arm-none-eabi/lib/thumb/v8-m.main+fp/hard\libc_nano.a(libc_a-reent.o) (_impure_ptr)
C:/ST/STM32CubeCLT_1.17.0/GNU-tools-for-STM32/bin/../lib/gcc/arm-none-eabi/12.3.1/../../../../arm-none-eabi/lib/thumb/v8-m.main+fp/hard\libc_nano.a(libc_a-lseekr.o)
                              C:/ST/STM32CubeCLT_1.17.0/GNU-tools-for-STM32/bin/../lib/gcc/arm-none-eabi/12.3.1/../../../../arm-none-eabi/lib/thumb/v8-m.main+fp/hard\libc_nano.a(libc_a-stdio.o) (_lseek_r)
C:/ST/STM32CubeCLT_1.17.0/GNU-tools-for-STM32/bin/../lib/gcc/arm-none-eabi/12.3.1/../../../../arm-none-eabi/lib/thumb/v8-m.main+fp/hard\libc_nano.a(libc_a-readr.o)
                              C:/ST/STM32CubeCLT_1.17.0/GNU-tools-for-STM32/bin/../lib/gcc/arm-none-eabi/12.3.1/../../../../arm-none-eabi/lib/thumb/v8-m.main+fp/hard\libc_nano.a(libc_a-stdio.o) (_read_r)
C:/ST/STM32CubeCLT_1.17.0/GNU-tools-for-STM32/bin/../lib/gcc/arm-none-eabi/12.3.1/../../../../arm-none-eabi/lib/thumb/v8-m.main+fp/hard\libc_nano.a(libc_a-writer.o)
                              C:/ST/STM32CubeCLT_1.17.0/GNU-tools-for-STM32/bin/../lib/gcc/arm-none-eabi/12.3.1/../../../../arm-none-eabi/lib/thumb/v8-m.main+fp/hard\libc_nano.a(libc_a-stdio.o) (_write_r)
C:/ST/STM32CubeCLT_1.17.0/GNU-tools-for-STM32/bin/../lib/gcc/arm-none-eabi/12.3.1/../../../../arm-none-eabi/lib/thumb/v8-m.main+fp/hard\libc_nano.a(libc_a-init.o)
                              C:/ST/STM32CubeCLT_1.17.0/GNU-tools-for-STM32/bin/../lib/gcc/arm-none-eabi/12.3.1/../../../../arm-none-eabi/lib/thumb/v8-m.main+fp/hard/crt0.o (__libc_init_array)
C:/ST/STM32CubeCLT_1.17.0/GNU-tools-for-STM32/bin/../lib/gcc/arm-none-eabi/12.3.1/../../../../arm-none-eabi/lib/thumb/v8-m.main+fp/hard\libc_nano.a(libc_a-lock.o)
                              C:/ST/STM32CubeCLT_1.17.0/GNU-tools-for-STM32/bin/../lib/gcc/arm-none-eabi/12.3.1/../../../../arm-none-eabi/lib/thumb/v8-m.main+fp/hard\libc_nano.a(libc_a-findfp.o) (__retarget_lock_init_recursive)
[...]
Memory Configuration

Name             Origin             Length             Attributes
RAM              0x20000000         0x000a0000         xrw
FLASH            0x08000000         0x00200000         xr
*default*        0x00000000         0xffffffff

Linker script and memory map

LOAD C:/ST/STM32CubeCLT_1.17.0/GNU-tools-for-STM32/bin/../lib/gcc/arm-none-eabi/12.3.1/thumb/v8-m.main+fp/hard/crti.o
LOAD C:/ST/STM32CubeCLT_1.17.0/GNU-tools-for-STM32/bin/../lib/gcc/arm-none-eabi/12.3.1/thumb/v8-m.main+fp/hard/crtbegin.o
LOAD C:/ST/STM32CubeCLT_1.17.0/GNU-tools-for-STM32/bin/../lib/gcc/arm-none-eabi/12.3.1/../../../../arm-none-eabi/lib/thumb/v8-m.main+fp/hard/crt0.o
START GROUP
LOAD C:/ST/STM32CubeCLT_1.17.0/GNU-tools-for-STM32/bin/../lib/gcc/arm-none-eabi/12.3.1/../../../../arm-none-eabi/lib/thumb/v8-m.main+fp/hard\libc_nano.a
LOAD C:/ST/STM32CubeCLT_1.17.0/GNU-tools-for-STM32/bin/../lib/gcc/arm-none-eabi/12.3.1/../../../../arm-none-eabi/lib/thumb/v8-m.main+fp/hard\libm.a
END GROUP
LOAD CMakeFiles/Testing_STM32H563ZIT6.dir/User/Src/superloop.c.obj
LOAD CMakeFiles/Testing_STM32H563ZIT6.dir/Core/Src/main.c.obj
LOAD CMakeFiles/Testing_STM32H563ZIT6.dir/Core/Src/gpio.c.obj
LOAD CMakeFiles/Testing_STM32H563ZIT6.dir/Core/Src/memorymap.c.obj
LOAD CMakeFiles/Testing_STM32H563ZIT6.dir/Core/Src/stm32h5xx_it.c.obj
LOAD CMakeFiles/Testing_STM32H563ZIT6.dir/Core/Src/stm32h5xx_hal_msp.c.obj
LOAD CMakeFiles/Testing_STM32H563ZIT6.dir/Drivers/BSP/STM32H5xx_Nucleo/stm32h5xx_nucleo.c.obj
LOAD CMakeFiles/Testing_STM32H563ZIT6.dir/Drivers/STM32H5xx_HAL_Driver/Src/stm32h5xx_hal_cortex.c.obj
LOAD CMakeFiles/Testing_STM32H563ZIT6.dir/Drivers/STM32H5xx_HAL_Driver/Src/stm32h5xx_hal_rcc.c.obj
LOAD CMakeFiles/Testing_STM32H563ZIT6.dir/Drivers/STM32H5xx_HAL_Driver/Src/stm32h5xx_hal_rcc_ex.c.obj
LOAD CMakeFiles/Testing_STM32H563ZIT6.dir/Drivers/STM32H5xx_HAL_Driver/Src/stm32h5xx_hal_flash.c.obj
LOAD CMakeFiles/Testing_STM32H563ZIT6.dir/Drivers/STM32H5xx_HAL_Driver/Src/stm32h5xx_hal_flash_ex.c.obj
LOAD CMakeFiles/Testing_STM32H563ZIT6.dir/Drivers/STM32H5xx_HAL_Driver/Src/stm32h5xx_hal_gpio.c.obj
LOAD CMakeFiles/Testing_STM32H563ZIT6.dir/Drivers/STM32H5xx_HAL_Driver/Src/stm32h5xx_hal_dma.c.obj
LOAD CMakeFiles/Testing_STM32H563ZIT6.dir/Drivers/STM32H5xx_HAL_Driver/Src/stm32h5xx_hal_dma_ex.c.obj
LOAD CMakeFiles/Testing_STM32H563ZIT6.dir/Drivers/STM32H5xx_HAL_Driver/Src/stm32h5xx_hal_pwr.c.obj
LOAD CMakeFiles/Testing_STM32H563ZIT6.dir/Drivers/STM32H5xx_HAL_Driver/Src/stm32h5xx_hal_pwr_ex.c.obj
LOAD CMakeFiles/Testing_STM32H563ZIT6.dir/Drivers/STM32H5xx_HAL_Driver/Src/stm32h5xx_hal.c.obj
LOAD CMakeFiles/Testing_STM32H563ZIT6.dir/Drivers/STM32H5xx_HAL_Driver/Src/stm32h5xx_hal_exti.c.obj
LOAD CMakeFiles/Testing_STM32H563ZIT6.dir/Drivers/STM32H5xx_HAL_Driver/Src/stm32h5xx_hal_usart.c.obj
LOAD CMakeFiles/Testing_STM32H563ZIT6.dir/Drivers/STM32H5xx_HAL_Driver/Src/stm32h5xx_hal_usart_ex.c.obj
LOAD CMakeFiles/Testing_STM32H563ZIT6.dir/Drivers/STM32H5xx_HAL_Driver/Src/stm32h5xx_hal_uart_ex.c.obj
LOAD CMakeFiles/Testing_STM32H563ZIT6.dir/Drivers/STM32H5xx_HAL_Driver/Src/stm32h5xx_hal_uart.c.obj
LOAD CMakeFiles/Testing_STM32H563ZIT6.dir/Core/Src/system_stm32h5xx.c.obj
LOAD CMakeFiles/Testing_STM32H563ZIT6.dir/Core/Src/sysmem.c.obj
LOAD CMakeFiles/Testing_STM32H563ZIT6.dir/Core/Src/syscalls.c.obj
LOAD CMakeFiles/Testing_STM32H563ZIT6.dir/startup_stm32h563xx.s.obj
START GROUP
LOAD C:/ST/STM32CubeCLT_1.17.0/GNU-tools-for-STM32/bin/../lib/gcc/arm-none-eabi/12.3.1/thumb/v8-m.main+fp/hard\libgcc.a
LOAD C:/ST/STM32CubeCLT_1.17.0/GNU-tools-for-STM32/bin/../lib/gcc/arm-none-eabi/12.3.1/../../../../arm-none-eabi/lib/thumb/v8-m.main+fp/hard\libg_nano.a
LOAD C:/ST/STM32CubeCLT_1.17.0/GNU-tools-for-STM32/bin/../lib/gcc/arm-none-eabi/12.3.1/../../../../arm-none-eabi/lib/thumb/v8-m.main+fp/hard\libc_nano.a
END GROUP
START GROUP
LOAD C:/ST/STM32CubeCLT_1.17.0/GNU-tools-for-STM32/bin/../lib/gcc/arm-none-eabi/12.3.1/thumb/v8-m.main+fp/hard\libgcc.a
LOAD C:/ST/STM32CubeCLT_1.17.0/GNU-tools-for-STM32/bin/../lib/gcc/arm-none-eabi/12.3.1/../../../../arm-none-eabi/lib/thumb/v8-m.main+fp/hard\libc_nano.a
END GROUP
LOAD C:/ST/STM32CubeCLT_1.17.0/GNU-tools-for-STM32/bin/../lib/gcc/arm-none-eabi/12.3.1/thumb/v8-m.main+fp/hard/crtend.o
LOAD C:/ST/STM32CubeCLT_1.17.0/GNU-tools-for-STM32/bin/../lib/gcc/arm-none-eabi/12.3.1/thumb/v8-m.main+fp/hard/crtn.o
                0x200a0000                        _estack = (ORIGIN (RAM) + LENGTH (RAM))
                0x00000200                        _Min_Heap_Size = 0x200
                0x00000400                        _Min_Stack_Size = 0x400

.isr_vector     0x08000000      0x24c
                0x08000000                        . = ALIGN (0x4)
 *(.isr_vector)
 .isr_vector    0x08000000      0x24c CMakeFiles/Testing_STM32H563ZIT6.dir/startup_stm32h563xx.s.obj
                0x08000000                g_pfnVectors
                0x0800024c                        . = ALIGN (0x4)

.text           0x0800024c     0x5c28
                0x0800024c                        . = ALIGN (0x4)
 *(.text)
 .text          0x0800024c       0x40 C:/ST/STM32CubeCLT_1.17.0/GNU-tools-for-STM32/bin/../lib/gcc/arm-none-eabi/12.3.1/thumb/v8-m.main+fp/hard/crtbegin.o
 .text          0x0800028c       0x30 C:/ST/STM32CubeCLT_1.17.0/GNU-tools-for-STM32/bin/../lib/gcc/arm-none-eabi/12.3.1/thumb/v8-m.main+fp/hard\libgcc.a(_aeabi_uldivmod.o)
                0x0800028c                __aeabi_uldivmod
 .text          0x080002bc      0x2e4 C:/ST/STM32CubeCLT_1.17.0/GNU-tools-for-STM32/bin/../lib/gcc/arm-none-eabi/12.3.1/thumb/v8-m.main+fp/hard\libgcc.a(_udivmoddi4.o)
                0x080002bc                __udivmoddi4
 .text          0x080005a0        0x4 C:/ST/STM32CubeCLT_1.17.0/GNU-tools-for-STM32/bin/../lib/gcc/arm-none-eabi/12.3.1/thumb/v8-m.main+fp/hard\libgcc.a(_dvmd_tls.o)
                0x080005a0                __aeabi_idiv0
                0x080005a0                __aeabi_ldiv0
 *(.text*)
 .text.memset   0x080005a4       0x10 C:/ST/STM32CubeCLT_1.17.0/GNU-tools-for-STM32/bin/../lib/gcc/arm-none-eabi/12.3.1/../../../../arm-none-eabi/lib/thumb/v8-m.main+fp/hard\libc_nano.a(libc_a-memset.o)
                0x080005a4                memset
 .text.__libc_init_array
                0x080005b4       0x48 C:/ST/STM32CubeCLT_1.17.0/GNU-tools-for-STM32/bin/../lib/gcc/arm-none-eabi/12.3.1/../../../../arm-none-eabi/lib/thumb/v8-m.main+fp/hard\libc_nano.a(libc_a-init.o)
                0x080005b4                __libc_init_array
 .text.superloop_init
                0x080005fc        0xe CMakeFiles/Testing_STM32H563ZIT6.dir/User/Src/superloop.c.obj
                0x080005fc                superloop_init
 .text.superloop
                0x0800060a        0xe CMakeFiles/Testing_STM32H563ZIT6.dir/User/Src/superloop.c.obj
                0x0800060a                superloop
 .text.main     0x08000618       0x6c CMakeFiles/Testing_STM32H563ZIT6.dir/Core/Src/main.c.obj
                0x08000618                main
 .text.SystemClock_Config
                0x08000684       0xe0 CMakeFiles/Testing_STM32H563ZIT6.dir/Core/Src/main.c.obj
                0x08000684                SystemClock_Config
 .text.Error_Handler
                0x08000764        0xc CMakeFiles/Testing_STM32H563ZIT6.dir/Core/Src/main.c.obj
                0x08000764                Error_Handler
 .text.MX_GPIO_Init
                0x08000770      0x1fc CMakeFiles/Testing_STM32H563ZIT6.dir/Core/Src/gpio.c.obj
                0x08000770                MX_GPIO_Init
 .text.NMI_Handler
                0x0800096c        0x8 CMakeFiles/Testing_STM32H563ZIT6.dir/Core/Src/stm32h5xx_it.c.obj
                0x0800096c                NMI_Handler
 .text.HardFault_Handler
                0x08000974        0x8 CMakeFiles/Testing_STM32H563ZIT6.dir/Core/Src/stm32h5xx_it.c.obj
                0x08000974                HardFault_Handler
 .text.MemManage_Handler
                0x0800097c        0x8 CMakeFiles/Testing_STM32H563ZIT6.dir/Core/Src/stm32h5xx_it.c.obj
                0x0800097c                MemManage_Handler
 .text.BusFault_Handler
                0x08000984        0x8 CMakeFiles/Testing_STM32H563ZIT6.dir/Core/Src/stm32h5xx_it.c.obj
                0x08000984                BusFault_Handler
 .text.UsageFault_Handler
                0x0800098c        0x8 CMakeFiles/Testing_STM32H563ZIT6.dir/Core/Src/stm32h5xx_it.c.obj
                0x0800098c                UsageFault_Handler
 .text.SVC_Handler
                0x08000994        0xe CMakeFiles/Testing_STM32H563ZIT6.dir/Core/Src/stm32h5xx_it.c.obj
                0x08000994                SVC_Handler
 .text.DebugMon_Handler
                0x080009a2        0xe CMakeFiles/Testing_STM32H563ZIT6.dir/Core/Src/stm32h5xx_it.c.obj
                0x080009a2                DebugMon_Handler
 .text.PendSV_Handler
                0x080009b0        0xe CMakeFiles/Testing_STM32H563ZIT6.dir/Core/Src/stm32h5xx_it.c.obj
                0x080009b0                PendSV_Handler
 .text.SysTick_Handler
                0x080009be        0xc CMakeFiles/Testing_STM32H563ZIT6.dir/Core/Src/stm32h5xx_it.c.obj
                0x080009be                SysTick_Handler
 .text.EXTI13_IRQHandler
                0x080009ca        0xe CMakeFiles/Testing_STM32H563ZIT6.dir/Core/Src/stm32h5xx_it.c.obj
                0x080009ca                EXTI13_IRQHandler
 .text.HAL_MspInit
                0x080009d8        0xe CMakeFiles/Testing_STM32H563ZIT6.dir/Core/Src/stm32h5xx_hal_msp.c.obj
                0x080009d8                HAL_MspInit
 *fill*         0x080009e6        0x2 
 .text.BSP_LED_Init
                0x080009e8       0xec CMakeFiles/Testing_STM32H563ZIT6.dir/Drivers/BSP/STM32H5xx_Nucleo/stm32h5xx_nucleo.c.obj
                0x080009e8                BSP_LED_Init
 .text.BSP_PB_Init
                0x08000ad4       0xf0 CMakeFiles/Testing_STM32H563ZIT6.dir/Drivers/BSP/STM32H5xx_Nucleo/stm32h5xx_nucleo.c.obj
                0x08000ad4                BSP_PB_Init
 .text.BSP_PB_IRQHandler
                0x08000bc4       0x2c CMakeFiles/Testing_STM32H563ZIT6.dir/Drivers/BSP/STM32H5xx_Nucleo/stm32h5xx_nucleo.c.obj
                0x08000bc4                BSP_PB_IRQHandler
 .text.BSP_PB_Callback
                0x08000bf0       0x16 CMakeFiles/Testing_STM32H563ZIT6.dir/Drivers/BSP/STM32H5xx_Nucleo/stm32h5xx_nucleo.c.obj
                0x08000bf0                BSP_PB_Callback
 *fill*         0x08000c06        0x2 
 .text.BSP_COM_Init
                0x08000c08       0x60 CMakeFiles/Testing_STM32H563ZIT6.dir/Drivers/BSP/STM32H5xx_Nucleo/stm32h5xx_nucleo.c.obj
                0x08000c08                BSP_COM_Init
 .text.MX_USART_Init
                0x08000c68       0x68 CMakeFiles/Testing_STM32H563ZIT6.dir/Drivers/BSP/STM32H5xx_Nucleo/stm32h5xx_nucleo.c.obj
                0x08000c68                MX_USART_Init
 .text.BUTTON_USER_EXTI_Callback
                0x08000cd0        0xe CMakeFiles/Testing_STM32H563ZIT6.dir/Drivers/BSP/STM32H5xx_Nucleo/stm32h5xx_nucleo.c.obj
 *fill*         0x08000cde        0x2 
 .text.COM1_MspInit
                0x08000ce0       0xb0 CMakeFiles/Testing_STM32H563ZIT6.dir/Drivers/BSP/STM32H5xx_Nucleo/stm32h5xx_nucleo.c.obj
 .text.__NVIC_SetPriorityGrouping
                0x08000d90       0x48 CMakeFiles/Testing_STM32H563ZIT6.dir/Drivers/STM32H5xx_HAL_Driver/Src/stm32h5xx_hal_cortex.c.obj
 .text.__NVIC_GetPriorityGrouping
                0x08000dd8       0x1c CMakeFiles/Testing_STM32H563ZIT6.dir/Drivers/STM32H5xx_HAL_Driver/Src/stm32h5xx_hal_cortex.c.obj
 .text.__NVIC_EnableIRQ
                0x08000df4       0x3c CMakeFiles/Testing_STM32H563ZIT6.dir/Drivers/STM32H5xx_HAL_Driver/Src/stm32h5xx_hal_cortex.c.obj
 .text.__NVIC_SetPriority
                0x08000e30       0x54 CMakeFiles/Testing_STM32H563ZIT6.dir/Drivers/STM32H5xx_HAL_Driver/Src/stm32h5xx_hal_cortex.c.obj
 .text.NVIC_EncodePriority
                0x08000e84       0x66 CMakeFiles/Testing_STM32H563ZIT6.dir/Drivers/STM32H5xx_HAL_Driver/Src/stm32h5xx_hal_cortex.c.obj
 .text.HAL_NVIC_SetPriorityGrouping
                0x08000eea       0x16 CMakeFiles/Testing_STM32H563ZIT6.dir/Drivers/STM32H5xx_HAL_Driver/Src/stm32h5xx_hal_cortex.c.obj
                0x08000eea                HAL_NVIC_SetPriorityGrouping
 .text.HAL_NVIC_SetPriority
                0x08000f00       0x34 CMakeFiles/Testing_STM32H563ZIT6.dir/Drivers/STM32H5xx_HAL_Driver/Src/stm32h5xx_hal_cortex.c.obj
                0x08000f00                HAL_NVIC_SetPriority
 .text.HAL_NVIC_EnableIRQ
                0x08000f34       0x1c CMakeFiles/Testing_STM32H563ZIT6.dir/Drivers/STM32H5xx_HAL_Driver/Src/stm32h5xx_hal_cortex.c.obj
                0x08000f34                HAL_NVIC_EnableIRQ
 .text.HAL_SYSTICK_Config
                0x08000f50       0x44 CMakeFiles/Testing_STM32H563ZIT6.dir/Drivers/STM32H5xx_HAL_Driver/Src/stm32h5xx_hal_cortex.c.obj
                0x08000f50                HAL_SYSTICK_Config
 .text.HAL_SYSTICK_CLKSourceConfig
                0x08000f94       0xb0 CMakeFiles/Testing_STM32H563ZIT6.dir/Drivers/STM32H5xx_HAL_Driver/Src/stm32h5xx_hal_cortex.c.obj
                0x08000f94                HAL_SYSTICK_CLKSourceConfig
 .text.HAL_SYSTICK_GetCLKSourceConfig
                0x08001044       0x6c CMakeFiles/Testing_STM32H563ZIT6.dir/Drivers/STM32H5xx_HAL_Driver/Src/stm32h5xx_hal_cortex.c.obj
                0x08001044                HAL_SYSTICK_GetCLKSourceConfig
 .text.HAL_RCC_OscConfig
                0x080010b0      0x870 CMakeFiles/Testing_STM32H563ZIT6.dir/Drivers/STM32H5xx_HAL_Driver/Src/stm32h5xx_hal_rcc.c.obj
                0x080010b0                HAL_RCC_OscConfig
 .text.HAL_RCC_ClockConfig
                0x08001920      0x370 CMakeFiles/Testing_STM32H563ZIT6.dir/Drivers/STM32H5xx_HAL_Driver/Src/stm32h5xx_hal_rcc.c.obj
                0x08001920                HAL_RCC_ClockConfig
 .text.HAL_RCC_GetSysClockFreq
                0x08001c90      0x258 CMakeFiles/Testing_STM32H563ZIT6.dir/Drivers/STM32H5xx_HAL_Driver/Src/stm32h5xx_hal_rcc.c.obj
                0x08001c90                HAL_RCC_GetSysClockFreq
 .text.HAL_RCC_GetHCLKFreq
                0x08001ee8       0x38 CMakeFiles/Testing_STM32H563ZIT6.dir/Drivers/STM32H5xx_HAL_Driver/Src/stm32h5xx_hal_rcc.c.obj
                0x08001ee8                HAL_RCC_GetHCLKFreq
 .text.HAL_RCC_GetPCLK1Freq
                0x08001f20       0x2c CMakeFiles/Testing_STM32H563ZIT6.dir/Drivers/STM32H5xx_HAL_Driver/Src/stm32h5xx_hal_rcc.c.obj
                0x08001f20                HAL_RCC_GetPCLK1Freq
 .text.HAL_RCC_GetPCLK2Freq
                0x08001f4c       0x2c CMakeFiles/Testing_STM32H563ZIT6.dir/Drivers/STM32H5xx_HAL_Driver/Src/stm32h5xx_hal_rcc.c.obj
                0x08001f4c                HAL_RCC_GetPCLK2Freq
 .text.HAL_RCC_GetPCLK3Freq
                0x08001f78       0x2c CMakeFiles/Testing_STM32H563ZIT6.dir/Drivers/STM32H5xx_HAL_Driver/Src/stm32h5xx_hal_rcc.c.obj
                0x08001f78                HAL_RCC_GetPCLK3Freq
 .text.HAL_RCCEx_GetPLL1ClockFreq
                0x08001fa4      0x2d8 CMakeFiles/Testing_STM32H563ZIT6.dir/Drivers/STM32H5xx_HAL_Driver/Src/stm32h5xx_hal_rcc_ex.c.obj
                0x08001fa4                HAL_RCCEx_GetPLL1ClockFreq
 .text.HAL_RCCEx_GetPLL2ClockFreq
                0x0800227c      0x2d8 CMakeFiles/Testing_STM32H563ZIT6.dir/Drivers/STM32H5xx_HAL_Driver/Src/stm32h5xx_hal_rcc_ex.c.obj
                0x0800227c                HAL_RCCEx_GetPLL2ClockFreq
 .text.HAL_RCCEx_GetPLL3ClockFreq
                0x08002554      0x2d8 CMakeFiles/Testing_STM32H563ZIT6.dir/Drivers/STM32H5xx_HAL_Driver/Src/stm32h5xx_hal_rcc_ex.c.obj
                0x08002554                HAL_RCCEx_GetPLL3ClockFreq
 .text.HAL_RCCEx_GetPeriphCLKFreq
                0x0800282c     0x26b4 CMakeFiles/Testing_STM32H563ZIT6.dir/Drivers/STM32H5xx_HAL_Driver/Src/stm32h5xx_hal_rcc_ex.c.obj
                0x0800282c                HAL_RCCEx_GetPeriphCLKFreq
 .text.HAL_GPIO_Init
                0x08004ee0      0x2a4 CMakeFiles/Testing_STM32H563ZIT6.dir/Drivers/STM32H5xx_HAL_Driver/Src/stm32h5xx_hal_gpio.c.obj
                0x08004ee0                HAL_GPIO_Init
 .text.HAL_GPIO_WritePin
                0x08005184       0x30 CMakeFiles/Testing_STM32H563ZIT6.dir/Drivers/STM32H5xx_HAL_Driver/Src/stm32h5xx_hal_gpio.c.obj
                0x08005184                HAL_GPIO_WritePin
 .text.HAL_Init
                0x080051b4       0x50 CMakeFiles/Testing_STM32H563ZIT6.dir/Drivers/STM32H5xx_HAL_Driver/Src/stm32h5xx_hal.c.obj
                0x080051b4                HAL_Init
 .text.HAL_InitTick
                0x08005204       0xec CMakeFiles/Testing_STM32H563ZIT6.dir/Drivers/STM32H5xx_HAL_Driver/Src/stm32h5xx_hal.c.obj
                0x08005204                HAL_InitTick
 .text.HAL_IncTick
                0x080052f0       0x28 CMakeFiles/Testing_STM32H563ZIT6.dir/Drivers/STM32H5xx_HAL_Driver/Src/stm32h5xx_hal.c.obj
                0x080052f0                HAL_IncTick
 .text.HAL_GetTick
                0x08005318       0x18 CMakeFiles/Testing_STM32H563ZIT6.dir/Drivers/STM32H5xx_HAL_Driver/Src/stm32h5xx_hal.c.obj
                0x08005318                HAL_GetTick
 .text.HAL_EXTI_RegisterCallback
                0x08005330       0x58 CMakeFiles/Testing_STM32H563ZIT6.dir/Drivers/STM32H5xx_HAL_Driver/Src/stm32h5xx_hal_exti.c.obj
                0x08005330                HAL_EXTI_RegisterCallback
 .text.HAL_EXTI_GetHandle
                0x08005388       0x28 CMakeFiles/Testing_STM32H563ZIT6.dir/Drivers/STM32H5xx_HAL_Driver/Src/stm32h5xx_hal_exti.c.obj
                0x08005388                HAL_EXTI_GetHandle
 .text.HAL_EXTI_IRQHandler
                0x080053b0       0x90 CMakeFiles/Testing_STM32H563ZIT6.dir/Drivers/STM32H5xx_HAL_Driver/Src/stm32h5xx_hal_exti.c.obj
                0x080053b0                HAL_EXTI_IRQHandler
 .text.HAL_UART_Init
                0x08005440       0xa0 CMakeFiles/Testing_STM32H563ZIT6.dir/Drivers/STM32H5xx_HAL_Driver/Src/stm32h5xx_hal_uart.c.obj
                0x08005440                HAL_UART_Init
 .text.HAL_UART_MspInit
                0x080054e0       0x14 CMakeFiles/Testing_STM32H563ZIT6.dir/Drivers/STM32H5xx_HAL_Driver/Src/stm32h5xx_hal_uart.c.obj
                0x080054e0                HAL_UART_MspInit
 .text.UART_SetConfig
                0x080054f4      0x3dc CMakeFiles/Testing_STM32H563ZIT6.dir/Drivers/STM32H5xx_HAL_Driver/Src/stm32h5xx_hal_uart.c.obj
                0x080054f4                UART_SetConfig
 .text.UART_AdvFeatureConfig
                0x080058d0      0x144 CMakeFiles/Testing_STM32H563ZIT6.dir/Drivers/STM32H5xx_HAL_Driver/Src/stm32h5xx_hal_uart.c.obj
                0x080058d0                UART_AdvFeatureConfig
 .text.UART_CheckIdleState
                0x08005a14      0x154 CMakeFiles/Testing_STM32H563ZIT6.dir/Drivers/STM32H5xx_HAL_Driver/Src/stm32h5xx_hal_uart.c.obj
                0x08005a14                UART_CheckIdleState
 .text.UART_WaitOnFlagUntilTimeout
                0x08005b68       0xda CMakeFiles/Testing_STM32H563ZIT6.dir/Drivers/STM32H5xx_HAL_Driver/Src/stm32h5xx_hal_uart.c.obj
                0x08005b68                UART_WaitOnFlagUntilTimeout
 .text.UART_EndRxTransfer
                0x08005c42       0xcc CMakeFiles/Testing_STM32H563ZIT6.dir/Drivers/STM32H5xx_HAL_Driver/Src/stm32h5xx_hal_uart.c.obj
 *fill*         0x08005d0e        0x2 
 .text.SystemInit
                0x08005d10       0xf8 CMakeFiles/Testing_STM32H563ZIT6.dir/Core/Src/system_stm32h5xx.c.obj
                0x08005d10                SystemInit
 .text.Reset_Handler
                0x08005e08       0x50 CMakeFiles/Testing_STM32H563ZIT6.dir/startup_stm32h563xx.s.obj
                0x08005e08                Reset_Handler
 .text.Default_Handler
                0x08005e58        0x2 CMakeFiles/Testing_STM32H563ZIT6.dir/startup_stm32h563xx.s.obj
                0x08005e58                EXTI2_IRQHandler
                0x08005e58                TIM8_TRG_COM_IRQHandler
                0x08005e58                TIM8_CC_IRQHandler
                0x08005e58                EXTI5_IRQHandler
                0x08005e58                I3C1_ER_IRQHandler
                0x08005e58                UART8_IRQHandler
                0x08005e58                SPI4_IRQHandler
                0x08005e58                GPDMA2_Channel1_IRQHandler
                0x08005e58                FLASH_S_IRQHandler
                0x08005e58                TIM1_CC_IRQHandler
                0x08005e58                GPDMA2_Channel3_IRQHandler
                0x08005e58                TAMP_IRQHandler
                0x08005e58                TIM6_IRQHandler
                0x08005e58                EXTI12_IRQHandler
                0x08005e58                CORDIC_IRQHandler
                0x08005e58                USB_DRD_FS_IRQHandler
                0x08005e58                EXTI3_IRQHandler
                0x08005e58                LPTIM4_IRQHandler
                0x08005e58                GPDMA1_Channel5_IRQHandler
                0x08005e58                EXTI8_IRQHandler
                0x08005e58                GPDMA2_Channel5_IRQHandler
                0x08005e58                LPTIM2_IRQHandler
                0x08005e58                I2C3_ER_IRQHandler
                0x08005e58                GPDMA2_Channel2_IRQHandler
                0x08005e58                USART10_IRQHandler
                0x08005e58                LPTIM3_IRQHandler
                0x08005e58                EXTI0_IRQHandler
                0x08005e58                I2C2_EV_IRQHandler
                0x08005e58                FPU_IRQHandler
                0x08005e58                GPDMA1_Channel3_IRQHandler
                0x08005e58                GPDMA1_Channel7_IRQHandler
                0x08005e58                FDCAN1_IT1_IRQHandler
                0x08005e58                RAMCFG_IRQHandler
                0x08005e58                DCACHE1_IRQHandler
                0x08005e58                SPI1_IRQHandler
                0x08005e58                OCTOSPI1_IRQHandler
                0x08005e58                GPDMA1_Channel2_IRQHandler
                0x08005e58                TIM8_UP_IRQHandler
                0x08005e58                RCC_S_IRQHandler
                0x08005e58                SAI2_IRQHandler
                0x08005e58                ADC1_IRQHandler
                0x08005e58                USART6_IRQHandler
                0x08005e58                EXTI15_IRQHandler
                0x08005e58                TIM17_IRQHandler
                0x08005e58                USART3_IRQHandler
                0x08005e58                RTC_IRQHandler
                0x08005e58                EXTI9_IRQHandler
                0x08005e58                LPTIM5_IRQHandler
                0x08005e58                UART5_IRQHandler
                0x08005e58                TIM4_IRQHandler
                0x08005e58                I2C1_EV_IRQHandler
                0x08005e58                GPDMA1_Channel1_IRQHandler
                0x08005e58                TIM16_IRQHandler
                0x08005e58                UART4_IRQHandler
                0x08005e58                SecureFault_Handler
                0x08005e58                TIM3_IRQHandler
                0x08005e58                RCC_IRQHandler
                0x08005e58                UART9_IRQHandler
                0x08005e58                TIM1_TRG_COM_IRQHandler
                0x08005e58                Default_Handler
                0x08005e58                FMAC_IRQHandler
                0x08005e58                CEC_IRQHandler
                0x08005e58                USART11_IRQHandler
                0x08005e58                TIM14_IRQHandler
                0x08005e58                TIM13_IRQHandler
                0x08005e58                GPDMA2_Channel4_IRQHandler
                0x08005e58                SPI5_IRQHandler
                0x08005e58                TIM12_IRQHandler
                0x08005e58                TIM7_IRQHandler
                0x08005e58                SDMMC1_IRQHandler
                0x08005e58                TIM5_IRQHandler
                0x08005e58                UCPD1_IRQHandler
                0x08005e58                GPDMA1_Channel0_IRQHandler
                0x08005e58                I3C1_EV_IRQHandler
                0x08005e58                TIM15_IRQHandler
                0x08005e58                PVD_AVD_IRQHandler
                0x08005e58                I2C3_EV_IRQHandler
                0x08005e58                ETH_WKUP_IRQHandler
                0x08005e58                ADC2_IRQHandler
                0x08005e58                SPI2_IRQHandler
                0x08005e58                EXTI14_IRQHandler
                0x08005e58                EXTI11_IRQHandler
                0x08005e58                CRS_IRQHandler
                0x08005e58                EXTI4_IRQHandler
                0x08005e58                GPDMA2_Channel0_IRQHandler
                0x08005e58                RTC_S_IRQHandler
                0x08005e58                RNG_IRQHandler
                0x08005e58                FDCAN2_IT1_IRQHandler
                0x08005e58                ETH_IRQHandler
                0x08005e58                GPDMA2_Channel6_IRQHandler
                0x08005e58                TIM1_UP_IRQHandler
                0x08005e58                UART12_IRQHandler
                0x08005e58                WWDG_IRQHandler
                0x08005e58                SPI6_IRQHandler
                0x08005e58                I2C4_EV_IRQHandler
                0x08005e58                FDCAN2_IT0_IRQHandler
                0x08005e58                IWDG_IRQHandler
                0x08005e58                LPUART1_IRQHandler
                0x08005e58                FDCAN1_IT0_IRQHandler
                0x08005e58                TIM2_IRQHandler
                0x08005e58                GPDMA1_Channel4_IRQHandler
                0x08005e58                EXTI7_IRQHandler
                0x08005e58                TIM1_BRK_IRQHandler
                0x08005e58                EXTI1_IRQHandler
                0x08005e58                SDMMC2_IRQHandler
                0x08005e58                LPTIM6_IRQHandler
                0x08005e58                DAC1_IRQHandler
                0x08005e58                DTS_IRQHandler
                0x08005e58                UART7_IRQHandler
                0x08005e58                GTZC_IRQHandler
                0x08005e58                USART2_IRQHandler
                0x08005e58                GPDMA1_Channel6_IRQHandler
                0x08005e58                GPDMA2_Channel7_IRQHandler
                0x08005e58                I2C2_ER_IRQHandler
                0x08005e58                TIM8_BRK_IRQHandler
                0x08005e58                FLASH_IRQHandler
                0x08005e58                USART1_IRQHandler
                0x08005e58                EXTI10_IRQHandler
                0x08005e58                SPI3_IRQHandler
                0x08005e58                I2C1_ER_IRQHandler
                0x08005e58                FMC_IRQHandler
                0x08005e58                EXTI6_IRQHandler
                0x08005e58                LPTIM1_IRQHandler
                0x08005e58                DCMI_PSSI_IRQHandler
                0x08005e58                I2C4_ER_IRQHandler
                0x08005e58                ICACHE_IRQHandler
                0x08005e58                SAI1_IRQHandler
                0x08005e58                HASH_IRQHandler
 *(.glue_7)
 .glue_7        0x08005e5a        0x0 linker stubs
 *(.glue_7t)
 .glue_7t       0x08005e5a        0x0 linker stubs
 *(.eh_frame)
 *fill*         0x08005e5a        0x2 
 .eh_frame      0x08005e5c        0x0 C:/ST/STM32CubeCLT_1.17.0/GNU-tools-for-STM32/bin/../lib/gcc/arm-none-eabi/12.3.1/thumb/v8-m.main+fp/hard/crtbegin.o
 *(.init)
 .init          0x08005e5c        0x4 C:/ST/STM32CubeCLT_1.17.0/GNU-tools-for-STM32/bin/../lib/gcc/arm-none-eabi/12.3.1/thumb/v8-m.main+fp/hard/crti.o
                0x08005e5c                _init
 .init          0x08005e60        0x8 C:/ST/STM32CubeCLT_1.17.0/GNU-tools-for-STM32/bin/../lib/gcc/arm-none-eabi/12.3.1/thumb/v8-m.main+fp/hard/crtn.o
 *(.fini)
 .fini          0x08005e68        0x4 C:/ST/STM32CubeCLT_1.17.0/GNU-tools-for-STM32/bin/../lib/gcc/arm-none-eabi/12.3.1/thumb/v8-m.main+fp/hard/crti.o
                0x08005e68                _fini
 .fini          0x08005e6c        0x8 C:/ST/STM32CubeCLT_1.17.0/GNU-tools-for-STM32/bin/../lib/gcc/arm-none-eabi/12.3.1/thumb/v8-m.main+fp/hard/crtn.o
                0x08005e74                        . = ALIGN (0x4)
                0x08005e74                        _etext = .

.vfp11_veneer   0x08005e74        0x0
 .vfp11_veneer  0x08005e74        0x0 linker stubs

.v4_bx          0x08005e74        0x0
 .v4_bx         0x08005e74        0x0 linker stubs

.iplt           0x08005e74        0x0
 .iplt          0x08005e74        0x0 C:/ST/STM32CubeCLT_1.17.0/GNU-tools-for-STM32/bin/../lib/gcc/arm-none-eabi/12.3.1/thumb/v8-m.main+fp/hard/crtbegin.o

.rodata         0x08005e74       0x3c
                0x08005e74                        . = ALIGN (0x4)
 *(.rodata)
 *(.rodata*)
 .rodata.LED_PIN
                0x08005e74        0x6 CMakeFiles/Testing_STM32H563ZIT6.dir/Drivers/BSP/STM32H5xx_Nucleo/stm32h5xx_nucleo.c.obj
 *fill*         0x08005e7a        0x2 
 .rodata.BUTTON_EXTI_LINE.2
                0x08005e7c        0x4 CMakeFiles/Testing_STM32H563ZIT6.dir/Drivers/BSP/STM32H5xx_Nucleo/stm32h5xx_nucleo.c.obj
 .rodata.UARTPrescTable
                0x08005e80       0x18 CMakeFiles/Testing_STM32H563ZIT6.dir/Drivers/STM32H5xx_HAL_Driver/Src/stm32h5xx_hal_uart.c.obj
                0x08005e80                UARTPrescTable
 .rodata.AHBPrescTable
                0x08005e98       0x10 CMakeFiles/Testing_STM32H563ZIT6.dir/Core/Src/system_stm32h5xx.c.obj
                0x08005e98                AHBPrescTable
 .rodata.APBPrescTable
                0x08005ea8        0x8 CMakeFiles/Testing_STM32H563ZIT6.dir/Core/Src/system_stm32h5xx.c.obj
                0x08005ea8                APBPrescTable
                0x08005eb0                        . = ALIGN (0x4)

.ARM.extab      0x08005eb0        0x0
                0x08005eb0                        . = ALIGN (0x4)
 *(.ARM.extab* .gnu.linkonce.armextab.*)
                0x08005eb0                        . = ALIGN (0x4)

.ARM            0x08005eb0        0x8
                0x08005eb0                        . = ALIGN (0x4)
                0x08005eb0                        __exidx_start = .
 *(.ARM.exidx*)
 .ARM.exidx     0x08005eb0        0x8 C:/ST/STM32CubeCLT_1.17.0/GNU-tools-for-STM32/bin/../lib/gcc/arm-none-eabi/12.3.1/thumb/v8-m.main+fp/hard\libgcc.a(_udivmoddi4.o)
                0x08005eb8                        __exidx_end = .
                0x08005eb8                        . = ALIGN (0x4)

.preinit_array  0x08005eb8        0x0
                0x08005eb8                        . = ALIGN (0x4)
                0x08005eb8                        PROVIDE (__preinit_array_start = .)
 *(.preinit_array*)
                0x08005eb8                        PROVIDE (__preinit_array_end = .)
                0x08005eb8                        . = ALIGN (0x4)

.init_array     0x08005eb8        0x4
                0x08005eb8                        . = ALIGN (0x4)
                0x08005eb8                        PROVIDE (__init_array_start = .)
 *(SORT_BY_NAME(.init_array.*))
 *(.init_array*)
 .init_array    0x08005eb8        0x4 C:/ST/STM32CubeCLT_1.17.0/GNU-tools-for-STM32/bin/../lib/gcc/arm-none-eabi/12.3.1/thumb/v8-m.main+fp/hard/crtbegin.o
                0x08005ebc                        PROVIDE (__init_array_end = .)
                0x08005ebc                        . = ALIGN (0x4)

.fini_array     0x08005ebc        0x4
                0x08005ebc                        . = ALIGN (0x4)
                [!provide]                        PROVIDE (__fini_array_start = .)
 *(SORT_BY_NAME(.fini_array.*))
 *(.fini_array*)
 .fini_array    0x08005ebc        0x4 C:/ST/STM32CubeCLT_1.17.0/GNU-tools-for-STM32/bin/../lib/gcc/arm-none-eabi/12.3.1/thumb/v8-m.main+fp/hard/crtbegin.o
                [!provide]                        PROVIDE (__fini_array_end = .)
                0x08005ec0                        . = ALIGN (0x4)
                0x08005ec0                        _sidata = LOADADDR (.data)

.rel.dyn        0x08005ec0        0x0
 .rel.iplt      0x08005ec0        0x0 C:/ST/STM32CubeCLT_1.17.0/GNU-tools-for-STM32/bin/../lib/gcc/arm-none-eabi/12.3.1/thumb/v8-m.main+fp/hard/crtbegin.o

.data           0x20000000       0x28 load address 0x08005ec0
                0x20000000                        . = ALIGN (0x4)
                0x20000000                        _sdata = .
 *(.data)
 *(.data*)
 .data.COM_USART
                0x20000000        0x4 CMakeFiles/Testing_STM32H563ZIT6.dir/Drivers/BSP/STM32H5xx_Nucleo/stm32h5xx_nucleo.c.obj
                0x20000000                COM_USART
 .data.LED_PORT
                0x20000004        0xc CMakeFiles/Testing_STM32H563ZIT6.dir/Drivers/BSP/STM32H5xx_Nucleo/stm32h5xx_nucleo.c.obj
 .data.BUTTON_PORT
                0x20000010        0x4 CMakeFiles/Testing_STM32H563ZIT6.dir/Drivers/BSP/STM32H5xx_Nucleo/stm32h5xx_nucleo.c.obj
 .data.ButtonCallback.1
                0x20000014        0x4 CMakeFiles/Testing_STM32H563ZIT6.dir/Drivers/BSP/STM32H5xx_Nucleo/stm32h5xx_nucleo.c.obj
 .data.BSP_BUTTON_PRIO.0
                0x20000018        0x4 CMakeFiles/Testing_STM32H563ZIT6.dir/Drivers/BSP/STM32H5xx_Nucleo/stm32h5xx_nucleo.c.obj
 .data.uwTickPrio
                0x2000001c        0x4 CMakeFiles/Testing_STM32H563ZIT6.dir/Drivers/STM32H5xx_HAL_Driver/Src/stm32h5xx_hal.c.obj
                0x2000001c                uwTickPrio
 .data.uwTickFreq
                0x20000020        0x1 CMakeFiles/Testing_STM32H563ZIT6.dir/Drivers/STM32H5xx_HAL_Driver/Src/stm32h5xx_hal.c.obj
                0x20000020                uwTickFreq
 *fill*         0x20000021        0x3 
 .data.SystemCoreClock
                0x20000024        0x4 CMakeFiles/Testing_STM32H563ZIT6.dir/Core/Src/system_stm32h5xx.c.obj
                0x20000024                SystemCoreClock
 *(.RamFunc)
 *(.RamFunc*)
                0x20000028                        . = ALIGN (0x4)
                0x20000028                        _edata = .

.igot.plt       0x20000028        0x0 load address 0x08005ee8
 .igot.plt      0x20000028        0x0 C:/ST/STM32CubeCLT_1.17.0/GNU-tools-for-STM32/bin/../lib/gcc/arm-none-eabi/12.3.1/thumb/v8-m.main+fp/hard/crtbegin.o
                0x20000028                        . = ALIGN (0x4)

.bss            0x20000028       0xd0 load address 0x08005ee8
                0x20000028                        _sbss = .
                0x20000028                        __bss_start__ = _sbss
 *(.bss)
 .bss           0x20000028       0x1c C:/ST/STM32CubeCLT_1.17.0/GNU-tools-for-STM32/bin/../lib/gcc/arm-none-eabi/12.3.1/thumb/v8-m.main+fp/hard/crtbegin.o
 *(.bss*)
 .bss.BspCOMInit
                0x20000044       0x10 CMakeFiles/Testing_STM32H563ZIT6.dir/Core/Src/main.c.obj
                0x20000044                BspCOMInit
 .bss.hpb_exti  0x20000054        0xc CMakeFiles/Testing_STM32H563ZIT6.dir/Drivers/BSP/STM32H5xx_Nucleo/stm32h5xx_nucleo.c.obj
                0x20000054                hpb_exti
 .bss.hcom_uart
                0x20000060       0x94 CMakeFiles/Testing_STM32H563ZIT6.dir/Drivers/BSP/STM32H5xx_Nucleo/stm32h5xx_nucleo.c.obj
                0x20000060                hcom_uart
 .bss.uwTick    0x200000f4        0x4 CMakeFiles/Testing_STM32H563ZIT6.dir/Drivers/STM32H5xx_HAL_Driver/Src/stm32h5xx_hal.c.obj
                0x200000f4                uwTick
 *(COMMON)
                0x200000f8                        . = ALIGN (0x4)
                0x200000f8                        _ebss = .
                0x200000f8                        __bss_end__ = _ebss

._user_heap_stack
                0x200000f8      0x600 load address 0x08005ee8
                0x200000f8                        . = ALIGN (0x8)
                [!provide]                        PROVIDE (end = .)
                0x200000f8                        PROVIDE (_end = .)
                0x200002f8                        . = (. + _Min_Heap_Size)
 *fill*         0x200000f8      0x200 
                0x200006f8                        . = (. + _Min_Stack_Size)
 *fill*         0x200002f8      0x400 
                0x200006f8                        . = ALIGN (0x8)

/DISCARD/
 libc.a(*)
 libm.a(*)
 libgcc.a(*)

.ARM.attributes
                0x00000000       0x36
 *(.ARM.attributes)
 .ARM.attributes
                0x00000000       0x26 C:/ST/STM32CubeCLT_1.17.0/GNU-tools-for-STM32/bin/../lib/gcc/arm-none-eabi/12.3.1/thumb/v8-m.main+fp/hard/crti.o
 .ARM.attributes
                0x00000026       0x38 C:/ST/STM32CubeCLT_1.17.0/GNU-tools-for-STM32/bin/../lib/gcc/arm-none-eabi/12.3.1/thumb/v8-m.main+fp/hard/crtbegin.o
 .ARM.attributes
                0x0000005e       0x38 C:/ST/STM32CubeCLT_1.17.0/GNU-tools-for-STM32/bin/../lib/gcc/arm-none-eabi/12.3.1/../../../../arm-none-eabi/lib/thumb/v8-m.main+fp/hard\libc_nano.a(libc_a-memset.o)
 .ARM.attributes
                0x00000096       0x38 C:/ST/STM32CubeCLT_1.17.0/GNU-tools-for-STM32/bin/../lib/gcc/arm-none-eabi/12.3.1/../../../../arm-none-eabi/lib/thumb/v8-m.main+fp/hard\libc_nano.a(libc_a-init.o)
 .ARM.attributes
                0x000000ce       0x3a CMakeFiles/Testing_STM32H563ZIT6.dir/User/Src/superloop.c.obj
 .ARM.attributes
                0x00000108       0x3a CMakeFiles/Testing_STM32H563ZIT6.dir/Core/Src/main.c.obj
 .ARM.attributes
                0x00000142       0x3a CMakeFiles/Testing_STM32H563ZIT6.dir/Core/Src/gpio.c.obj
 .ARM.attributes
                0x0000017c       0x3a CMakeFiles/Testing_STM32H563ZIT6.dir/Core/Src/stm32h5xx_it.c.obj
 .ARM.attributes
                0x000001b6       0x3a CMakeFiles/Testing_STM32H563ZIT6.dir/Core/Src/stm32h5xx_hal_msp.c.obj
 .ARM.attributes
                0x000001f0       0x3a CMakeFiles/Testing_STM32H563ZIT6.dir/Drivers/BSP/STM32H5xx_Nucleo/stm32h5xx_nucleo.c.obj
 .ARM.attributes
                0x0000022a       0x3a CMakeFiles/Testing_STM32H563ZIT6.dir/Drivers/STM32H5xx_HAL_Driver/Src/stm32h5xx_hal_cortex.c.obj
 .ARM.attributes
                0x00000264       0x3a CMakeFiles/Testing_STM32H563ZIT6.dir/Drivers/STM32H5xx_HAL_Driver/Src/stm32h5xx_hal_rcc.c.obj
 .ARM.attributes
                0x0000029e       0x3a CMakeFiles/Testing_STM32H563ZIT6.dir/Drivers/STM32H5xx_HAL_Driver/Src/stm32h5xx_hal_rcc_ex.c.obj
 .ARM.attributes
                0x000002d8       0x3a CMakeFiles/Testing_STM32H563ZIT6.dir/Drivers/STM32H5xx_HAL_Driver/Src/stm32h5xx_hal_gpio.c.obj
 .ARM.attributes
                0x00000312       0x3a CMakeFiles/Testing_STM32H563ZIT6.dir/Drivers/STM32H5xx_HAL_Driver/Src/stm32h5xx_hal.c.obj
 .ARM.attributes
                0x0000034c       0x3a CMakeFiles/Testing_STM32H563ZIT6.dir/Drivers/STM32H5xx_HAL_Driver/Src/stm32h5xx_hal_exti.c.obj
 .ARM.attributes
                0x00000386       0x3a CMakeFiles/Testing_STM32H563ZIT6.dir/Drivers/STM32H5xx_HAL_Driver/Src/stm32h5xx_hal_uart.c.obj
 .ARM.attributes
                0x000003c0       0x3a CMakeFiles/Testing_STM32H563ZIT6.dir/Core/Src/system_stm32h5xx.c.obj
 .ARM.attributes
                0x000003fa       0x24 CMakeFiles/Testing_STM32H563ZIT6.dir/startup_stm32h563xx.s.obj
 .ARM.attributes
                0x0000041e       0x26 C:/ST/STM32CubeCLT_1.17.0/GNU-tools-for-STM32/bin/../lib/gcc/arm-none-eabi/12.3.1/thumb/v8-m.main+fp/hard\libgcc.a(_aeabi_uldivmod.o)
 .ARM.attributes
                0x00000444       0x38 C:/ST/STM32CubeCLT_1.17.0/GNU-tools-for-STM32/bin/../lib/gcc/arm-none-eabi/12.3.1/thumb/v8-m.main+fp/hard\libgcc.a(_udivmoddi4.o)
 .ARM.attributes
                0x0000047c       0x26 C:/ST/STM32CubeCLT_1.17.0/GNU-tools-for-STM32/bin/../lib/gcc/arm-none-eabi/12.3.1/thumb/v8-m.main+fp/hard\libgcc.a(_dvmd_tls.o)
 .ARM.attributes
                0x000004a2       0x26 C:/ST/STM32CubeCLT_1.17.0/GNU-tools-for-STM32/bin/../lib/gcc/arm-none-eabi/12.3.1/thumb/v8-m.main+fp/hard/crtn.o
OUTPUT(Testing_STM32H563ZIT6.elf elf32-littlearm)
LOAD linker stubs
LOAD C:/ST/STM32CubeCLT_1.17.0/GNU-tools-for-STM32/bin/../lib/gcc/arm-none-eabi/12.3.1/../../../../arm-none-eabi/lib/thumb/v8-m.main+fp/hard\libc.a
LOAD C:/ST/STM32CubeCLT_1.17.0/GNU-tools-for-STM32/bin/../lib/gcc/arm-none-eabi/12.3.1/../../../../arm-none-eabi/lib/thumb/v8-m.main+fp/hard\libm.a
LOAD C:/ST/STM32CubeCLT_1.17.0/GNU-tools-for-STM32/bin/../lib/gcc/arm-none-eabi/12.3.1/thumb/v8-m.main+fp/hard\libgcc.a

.debug_frame    0x00000000     0x28fc
 .debug_frame   0x00000000       0x20 C:/ST/STM32CubeCLT_1.17.0/GNU-tools-for-STM32/bin/../lib/gcc/arm-none-eabi/12.3.1/../../../../arm-none-eabi/lib/thumb/v8-m.main+fp/hard\libc_nano.a(libc_a-memset.o)
 .debug_frame   0x00000020       0x2c C:/ST/STM32CubeCLT_1.17.0/GNU-tools-for-STM32/bin/../lib/gcc/arm-none-eabi/12.3.1/../../../../arm-none-eabi/lib/thumb/v8-m.main+fp/hard\libc_nano.a(libc_a-init.o)
 .debug_frame   0x0000004c       0x50 CMakeFiles/Testing_STM32H563ZIT6.dir/User/Src/superloop.c.obj
 .debug_frame   0x0000009c       0x68 CMakeFiles/Testing_STM32H563ZIT6.dir/Core/Src/main.c.obj
 .debug_frame   0x00000104       0x34 CMakeFiles/Testing_STM32H563ZIT6.dir/Core/Src/gpio.c.obj
 .debug_frame   0x00000138      0x120 CMakeFiles/Testing_STM32H563ZIT6.dir/Core/Src/stm32h5xx_it.c.obj
 .debug_frame   0x00000258       0x30 CMakeFiles/Testing_STM32H563ZIT6.dir/Core/Src/stm32h5xx_hal_msp.c.obj
 .debug_frame   0x00000288      0x31c CMakeFiles/Testing_STM32H563ZIT6.dir/Drivers/BSP/STM32H5xx_Nucleo/stm32h5xx_nucleo.c.obj
 .debug_frame   0x000005a4      0x560 CMakeFiles/Testing_STM32H563ZIT6.dir/Drivers/STM32H5xx_HAL_Driver/Src/stm32h5xx_hal_cortex.c.obj
 .debug_frame   0x00000b04      0x268 CMakeFiles/Testing_STM32H563ZIT6.dir/Drivers/STM32H5xx_HAL_Driver/Src/stm32h5xx_hal_rcc.c.obj
 .debug_frame   0x00000d6c      0x470 CMakeFiles/Testing_STM32H563ZIT6.dir/Drivers/STM32H5xx_HAL_Driver/Src/stm32h5xx_hal_rcc_ex.c.obj
 .debug_frame   0x000011dc      0x1ec CMakeFiles/Testing_STM32H563ZIT6.dir/Drivers/STM32H5xx_HAL_Driver/Src/stm32h5xx_hal_gpio.c.obj
 .debug_frame   0x000013c8      0x828 CMakeFiles/Testing_STM32H563ZIT6.dir/Drivers/STM32H5xx_HAL_Driver/Src/stm32h5xx_hal.c.obj
 .debug_frame   0x00001bf0      0x1c4 CMakeFiles/Testing_STM32H563ZIT6.dir/Drivers/STM32H5xx_HAL_Driver/Src/stm32h5xx_hal_exti.c.obj
 .debug_frame   0x00001db4      0xa84 CMakeFiles/Testing_STM32H563ZIT6.dir/Drivers/STM32H5xx_HAL_Driver/Src/stm32h5xx_hal_uart.c.obj
 .debug_frame   0x00002838       0x60 CMakeFiles/Testing_STM32H563ZIT6.dir/Core/Src/system_stm32h5xx.c.obj
 .debug_frame   0x00002898       0x2c C:/ST/STM32CubeCLT_1.17.0/GNU-tools-for-STM32/bin/../lib/gcc/arm-none-eabi/12.3.1/thumb/v8-m.main+fp/hard\libgcc.a(_aeabi_uldivmod.o)
 .debug_frame   0x000028c4       0x38 C:/ST/STM32CubeCLT_1.17.0/GNU-tools-for-STM32/bin/../lib/gcc/arm-none-eabi/12.3.1/thumb/v8-m.main+fp/hard\libgcc.a(_udivmoddi4.o)

.debug_info     0x00000000     0xd8ce
 .debug_info    0x00000000       0x4b CMakeFiles/Testing_STM32H563ZIT6.dir/User/Src/superloop.c.obj
 .debug_info    0x0000004b      0xadd CMakeFiles/Testing_STM32H563ZIT6.dir/Core/Src/main.c.obj
 .debug_info    0x00000b28      0x5fc CMakeFiles/Testing_STM32H563ZIT6.dir/Core/Src/gpio.c.obj
 .debug_info    0x00001124      0x170 CMakeFiles/Testing_STM32H563ZIT6.dir/Core/Src/stm32h5xx_it.c.obj
 .debug_info    0x00001294       0x9f CMakeFiles/Testing_STM32H563ZIT6.dir/Core/Src/stm32h5xx_hal_msp.c.obj
 .debug_info    0x00001333     0x1bc0 CMakeFiles/Testing_STM32H563ZIT6.dir/Drivers/BSP/STM32H5xx_Nucleo/stm32h5xx_nucleo.c.obj
 .debug_info    0x00002ef3     0x1658 CMakeFiles/Testing_STM32H563ZIT6.dir/Drivers/STM32H5xx_HAL_Driver/Src/stm32h5xx_hal_cortex.c.obj
 .debug_info    0x0000454b     0x109f CMakeFiles/Testing_STM32H563ZIT6.dir/Drivers/STM32H5xx_HAL_Driver/Src/stm32h5xx_hal_rcc.c.obj
 .debug_info    0x000055ea     0x12d7 CMakeFiles/Testing_STM32H563ZIT6.dir/Drivers/STM32H5xx_HAL_Driver/Src/stm32h5xx_hal_rcc_ex.c.obj
 .debug_info    0x000068c1      0x6b6 CMakeFiles/Testing_STM32H563ZIT6.dir/Drivers/STM32H5xx_HAL_Driver/Src/stm32h5xx_hal_gpio.c.obj
 .debug_info    0x00006f77     0x139f CMakeFiles/Testing_STM32H563ZIT6.dir/Drivers/STM32H5xx_HAL_Driver/Src/stm32h5xx_hal.c.obj
 .debug_info    0x00008316      0x7ca CMakeFiles/Testing_STM32H563ZIT6.dir/Drivers/STM32H5xx_HAL_Driver/Src/stm32h5xx_hal_exti.c.obj
 .debug_info    0x00008ae0     0x4030 CMakeFiles/Testing_STM32H563ZIT6.dir/Drivers/STM32H5xx_HAL_Driver/Src/stm32h5xx_hal_uart.c.obj
 .debug_info    0x0000cb10      0xd8e CMakeFiles/Testing_STM32H563ZIT6.dir/Core/Src/system_stm32h5xx.c.obj
 .debug_info    0x0000d89e       0x30 CMakeFiles/Testing_STM32H563ZIT6.dir/startup_stm32h563xx.s.obj

.debug_abbrev   0x00000000     0x1a53
 .debug_abbrev  0x00000000       0x31 CMakeFiles/Testing_STM32H563ZIT6.dir/User/Src/superloop.c.obj
 .debug_abbrev  0x00000031      0x207 CMakeFiles/Testing_STM32H563ZIT6.dir/Core/Src/main.c.obj
 .debug_abbrev  0x00000238      0x15b CMakeFiles/Testing_STM32H563ZIT6.dir/Core/Src/gpio.c.obj
 .debug_abbrev  0x00000393       0xbc CMakeFiles/Testing_STM32H563ZIT6.dir/Core/Src/stm32h5xx_it.c.obj
 .debug_abbrev  0x0000044f       0x45 CMakeFiles/Testing_STM32H563ZIT6.dir/Core/Src/stm32h5xx_hal_msp.c.obj
 .debug_abbrev  0x00000494      0x330 CMakeFiles/Testing_STM32H563ZIT6.dir/Drivers/BSP/STM32H5xx_Nucleo/stm32h5xx_nucleo.c.obj
 .debug_abbrev  0x000007c4      0x311 CMakeFiles/Testing_STM32H563ZIT6.dir/Drivers/STM32H5xx_HAL_Driver/Src/stm32h5xx_hal_cortex.c.obj
 .debug_abbrev  0x00000ad5      0x290 CMakeFiles/Testing_STM32H563ZIT6.dir/Drivers/STM32H5xx_HAL_Driver/Src/stm32h5xx_hal_rcc.c.obj
 .debug_abbrev  0x00000d65      0x269 CMakeFiles/Testing_STM32H563ZIT6.dir/Drivers/STM32H5xx_HAL_Driver/Src/stm32h5xx_hal_rcc_ex.c.obj
 .debug_abbrev  0x00000fce      0x1db CMakeFiles/Testing_STM32H563ZIT6.dir/Drivers/STM32H5xx_HAL_Driver/Src/stm32h5xx_hal_gpio.c.obj
 .debug_abbrev  0x000011a9      0x2af CMakeFiles/Testing_STM32H563ZIT6.dir/Drivers/STM32H5xx_HAL_Driver/Src/stm32h5xx_hal.c.obj
 .debug_abbrev  0x00001458      0x198 CMakeFiles/Testing_STM32H563ZIT6.dir/Drivers/STM32H5xx_HAL_Driver/Src/stm32h5xx_hal_exti.c.obj
 .debug_abbrev  0x000015f0      0x305 CMakeFiles/Testing_STM32H563ZIT6.dir/Drivers/STM32H5xx_HAL_Driver/Src/stm32h5xx_hal_uart.c.obj
 .debug_abbrev  0x000018f5      0x13a CMakeFiles/Testing_STM32H563ZIT6.dir/Core/Src/system_stm32h5xx.c.obj
 .debug_abbrev  0x00001a2f       0x24 CMakeFiles/Testing_STM32H563ZIT6.dir/startup_stm32h563xx.s.obj

.debug_aranges  0x00000000      0xa30
 .debug_aranges
                0x00000000       0x28 CMakeFiles/Testing_STM32H563ZIT6.dir/User/Src/superloop.c.obj
 .debug_aranges
                0x00000028       0x30 CMakeFiles/Testing_STM32H563ZIT6.dir/Core/Src/main.c.obj
 .debug_aranges
                0x00000058       0x20 CMakeFiles/Testing_STM32H563ZIT6.dir/Core/Src/gpio.c.obj
 .debug_aranges
                0x00000078       0x68 CMakeFiles/Testing_STM32H563ZIT6.dir/Core/Src/stm32h5xx_it.c.obj
 .debug_aranges
                0x000000e0       0x20 CMakeFiles/Testing_STM32H563ZIT6.dir/Core/Src/stm32h5xx_hal_msp.c.obj
 .debug_aranges
                0x00000100       0xc8 CMakeFiles/Testing_STM32H563ZIT6.dir/Drivers/BSP/STM32H5xx_Nucleo/stm32h5xx_nucleo.c.obj
 .debug_aranges
                0x000001c8      0x140 CMakeFiles/Testing_STM32H563ZIT6.dir/Drivers/STM32H5xx_HAL_Driver/Src/stm32h5xx_hal_cortex.c.obj
 .debug_aranges
                0x00000308       0xa0 CMakeFiles/Testing_STM32H563ZIT6.dir/Drivers/STM32H5xx_HAL_Driver/Src/stm32h5xx_hal_rcc.c.obj
 .debug_aranges
                0x000003a8      0x108 CMakeFiles/Testing_STM32H563ZIT6.dir/Drivers/STM32H5xx_HAL_Driver/Src/stm32h5xx_hal_rcc_ex.c.obj
 .debug_aranges
                0x000004b0       0x78 CMakeFiles/Testing_STM32H563ZIT6.dir/Drivers/STM32H5xx_HAL_Driver/Src/stm32h5xx_hal_gpio.c.obj
 .debug_aranges
                0x00000528      0x200 CMakeFiles/Testing_STM32H563ZIT6.dir/Drivers/STM32H5xx_HAL_Driver/Src/stm32h5xx_hal.c.obj
 .debug_aranges
                0x00000728       0x70 CMakeFiles/Testing_STM32H563ZIT6.dir/Drivers/STM32H5xx_HAL_Driver/Src/stm32h5xx_hal_exti.c.obj
 .debug_aranges
                0x00000798      0x248 CMakeFiles/Testing_STM32H563ZIT6.dir/Drivers/STM32H5xx_HAL_Driver/Src/stm32h5xx_hal_uart.c.obj
 .debug_aranges
                0x000009e0       0x28 CMakeFiles/Testing_STM32H563ZIT6.dir/Core/Src/system_stm32h5xx.c.obj
 .debug_aranges
                0x00000a08       0x28 CMakeFiles/Testing_STM32H563ZIT6.dir/startup_stm32h563xx.s.obj

.debug_rnglists
                0x00000000      0x7c7
 .debug_rnglists
                0x00000000       0x19 CMakeFiles/Testing_STM32H563ZIT6.dir/User/Src/superloop.c.obj
 .debug_rnglists
                0x00000019       0x20 CMakeFiles/Testing_STM32H563ZIT6.dir/Core/Src/main.c.obj
 .debug_rnglists
                0x00000039       0x14 CMakeFiles/Testing_STM32H563ZIT6.dir/Core/Src/gpio.c.obj
 .debug_rnglists
                0x0000004d       0x49 CMakeFiles/Testing_STM32H563ZIT6.dir/Core/Src/stm32h5xx_it.c.obj
 .debug_rnglists
                0x00000096       0x13 CMakeFiles/Testing_STM32H563ZIT6.dir/Core/Src/stm32h5xx_hal_msp.c.obj
 .debug_rnglists
                0x000000a9       0x94 CMakeFiles/Testing_STM32H563ZIT6.dir/Drivers/BSP/STM32H5xx_Nucleo/stm32h5xx_nucleo.c.obj
 .debug_rnglists
                0x0000013d       0xec CMakeFiles/Testing_STM32H563ZIT6.dir/Drivers/STM32H5xx_HAL_Driver/Src/stm32h5xx_hal_cortex.c.obj
 .debug_rnglists
                0x00000229       0x79 CMakeFiles/Testing_STM32H563ZIT6.dir/Drivers/STM32H5xx_HAL_Driver/Src/stm32h5xx_hal_rcc.c.obj
 .debug_rnglists
                0x000002a2       0xcf CMakeFiles/Testing_STM32H563ZIT6.dir/Drivers/STM32H5xx_HAL_Driver/Src/stm32h5xx_hal_rcc_ex.c.obj
 .debug_rnglists
                0x00000371       0x57 CMakeFiles/Testing_STM32H563ZIT6.dir/Drivers/STM32H5xx_HAL_Driver/Src/stm32h5xx_hal_gpio.c.obj
 .debug_rnglists
                0x000003c8      0x17d CMakeFiles/Testing_STM32H563ZIT6.dir/Drivers/STM32H5xx_HAL_Driver/Src/stm32h5xx_hal.c.obj
 .debug_rnglists
                0x00000545       0x53 CMakeFiles/Testing_STM32H563ZIT6.dir/Drivers/STM32H5xx_HAL_Driver/Src/stm32h5xx_hal_exti.c.obj
 .debug_rnglists
                0x00000598      0x1fb CMakeFiles/Testing_STM32H563ZIT6.dir/Drivers/STM32H5xx_HAL_Driver/Src/stm32h5xx_hal_uart.c.obj
 .debug_rnglists
                0x00000793       0x1b CMakeFiles/Testing_STM32H563ZIT6.dir/Core/Src/system_stm32h5xx.c.obj
 .debug_rnglists
                0x000007ae       0x19 CMakeFiles/Testing_STM32H563ZIT6.dir/startup_stm32h563xx.s.obj

.debug_macro    0x00000000    0x30699
 .debug_macro   0x00000000       0x11 CMakeFiles/Testing_STM32H563ZIT6.dir/User/Src/superloop.c.obj
 .debug_macro   0x00000011      0xac0 CMakeFiles/Testing_STM32H563ZIT6.dir/User/Src/superloop.c.obj
 .debug_macro   0x00000ad1      0x2ca CMakeFiles/Testing_STM32H563ZIT6.dir/Core/Src/main.c.obj
 .debug_macro   0x00000d9b      0x1c4 CMakeFiles/Testing_STM32H563ZIT6.dir/Core/Src/main.c.obj
 .debug_macro   0x00000f5f       0x22 CMakeFiles/Testing_STM32H563ZIT6.dir/Core/Src/main.c.obj
 .debug_macro   0x00000f81       0x6e CMakeFiles/Testing_STM32H563ZIT6.dir/Core/Src/main.c.obj
 .debug_macro   0x00000fef       0x2a CMakeFiles/Testing_STM32H563ZIT6.dir/Core/Src/main.c.obj
 .debug_macro   0x00001019       0x94 CMakeFiles/Testing_STM32H563ZIT6.dir/Core/Src/main.c.obj
 .debug_macro   0x000010ad       0x3c CMakeFiles/Testing_STM32H563ZIT6.dir/Core/Src/main.c.obj
 .debug_macro   0x000010e9       0x34 CMakeFiles/Testing_STM32H563ZIT6.dir/Core/Src/main.c.obj
 .debug_macro   0x0000111d      0x189 CMakeFiles/Testing_STM32H563ZIT6.dir/Core/Src/main.c.obj
 .debug_macro   0x000012a6       0x16 CMakeFiles/Testing_STM32H563ZIT6.dir/Core/Src/main.c.obj
 .debug_macro   0x000012bc       0x43 CMakeFiles/Testing_STM32H563ZIT6.dir/Core/Src/main.c.obj
 .debug_macro   0x000012ff       0x57 CMakeFiles/Testing_STM32H563ZIT6.dir/Core/Src/main.c.obj
 .debug_macro   0x00001356       0x34 CMakeFiles/Testing_STM32H563ZIT6.dir/Core/Src/main.c.obj
 .debug_macro   0x0000138a       0x10 CMakeFiles/Testing_STM32H563ZIT6.dir/Core/Src/main.c.obj
 .debug_macro   0x0000139a       0x58 CMakeFiles/Testing_STM32H563ZIT6.dir/Core/Src/main.c.obj
 .debug_macro   0x000013f2      0x1de CMakeFiles/Testing_STM32H563ZIT6.dir/Core/Src/main.c.obj
 .debug_macro   0x000015d0      0x369 CMakeFiles/Testing_STM32H563ZIT6.dir/Core/Src/main.c.obj
 .debug_macro   0x00001939      0x19b CMakeFiles/Testing_STM32H563ZIT6.dir/Core/Src/main.c.obj
 .debug_macro   0x00001ad4       0x28 CMakeFiles/Testing_STM32H563ZIT6.dir/Core/Src/main.c.obj
 .debug_macro   0x00001afc       0x49 CMakeFiles/Testing_STM32H563ZIT6.dir/Core/Src/main.c.obj
 .debug_macro   0x00001b45      0x103 CMakeFiles/Testing_STM32H563ZIT6.dir/Core/Src/main.c.obj
 .debug_macro   0x00001c48       0x6a CMakeFiles/Testing_STM32H563ZIT6.dir/Core/Src/main.c.obj
 .debug_macro   0x00001cb2      0x1df CMakeFiles/Testing_STM32H563ZIT6.dir/Core/Src/main.c.obj
 .debug_macro   0x00001e91       0x1c CMakeFiles/Testing_STM32H563ZIT6.dir/Core/Src/main.c.obj
 .debug_macro   0x00001ead       0x29 CMakeFiles/Testing_STM32H563ZIT6.dir/Core/Src/main.c.obj
 .debug_macro   0x00001ed6       0xfb CMakeFiles/Testing_STM32H563ZIT6.dir/Core/Src/main.c.obj
 .debug_macro   0x00001fd1     0x1685 CMakeFiles/Testing_STM32H563ZIT6.dir/Core/Src/main.c.obj
 .debug_macro   0x00003656       0x5e CMakeFiles/Testing_STM32H563ZIT6.dir/Core/Src/main.c.obj
 .debug_macro   0x000036b4    0x211d5 CMakeFiles/Testing_STM32H563ZIT6.dir/Core/Src/main.c.obj
 .debug_macro   0x00024889       0x6d CMakeFiles/Testing_STM32H563ZIT6.dir/Core/Src/main.c.obj
 .debug_macro   0x000248f6     0x388a CMakeFiles/Testing_STM32H563ZIT6.dir/Core/Src/main.c.obj
 .debug_macro   0x00028180       0x63 CMakeFiles/Testing_STM32H563ZIT6.dir/Core/Src/main.c.obj
 .debug_macro   0x000281e3     0x1f0d CMakeFiles/Testing_STM32H563ZIT6.dir/Core/Src/main.c.obj
 .debug_macro   0x0002a0f0      0xe96 CMakeFiles/Testing_STM32H563ZIT6.dir/Core/Src/main.c.obj
 .debug_macro   0x0002af86      0x166 CMakeFiles/Testing_STM32H563ZIT6.dir/Core/Src/main.c.obj
 .debug_macro   0x0002b0ec      0x307 CMakeFiles/Testing_STM32H563ZIT6.dir/Core/Src/main.c.obj
 .debug_macro   0x0002b3f3      0x917 CMakeFiles/Testing_STM32H563ZIT6.dir/Core/Src/main.c.obj
 .debug_macro   0x0002bd0a      0x478 CMakeFiles/Testing_STM32H563ZIT6.dir/Core/Src/main.c.obj
 .debug_macro   0x0002c182       0xd6 CMakeFiles/Testing_STM32H563ZIT6.dir/Core/Src/main.c.obj
 .debug_macro   0x0002c258      0x1cd CMakeFiles/Testing_STM32H563ZIT6.dir/Core/Src/main.c.obj
 .debug_macro   0x0002c425      0x55b CMakeFiles/Testing_STM32H563ZIT6.dir/Core/Src/main.c.obj
 .debug_macro   0x0002c980      0x638 CMakeFiles/Testing_STM32H563ZIT6.dir/Core/Src/main.c.obj
 .debug_macro   0x0002cfb8       0x7b CMakeFiles/Testing_STM32H563ZIT6.dir/Core/Src/main.c.obj
 .debug_macro   0x0002d033      0x313 CMakeFiles/Testing_STM32H563ZIT6.dir/Core/Src/main.c.obj
 .debug_macro   0x0002d346      0x1bb CMakeFiles/Testing_STM32H563ZIT6.dir/Core/Src/main.c.obj
 .debug_macro   0x0002d501      0x693 CMakeFiles/Testing_STM32H563ZIT6.dir/Core/Src/main.c.obj
 .debug_macro   0x0002db94       0xa6 CMakeFiles/Testing_STM32H563ZIT6.dir/Core/Src/main.c.obj
 .debug_macro   0x0002dc3a      0x2a7 CMakeFiles/Testing_STM32H563ZIT6.dir/Core/Src/main.c.obj
 .debug_macro   0x0002dee1      0x47e CMakeFiles/Testing_STM32H563ZIT6.dir/Core/Src/main.c.obj
 .debug_macro   0x0002e35f       0x22 CMakeFiles/Testing_STM32H563ZIT6.dir/Core/Src/main.c.obj
 .debug_macro   0x0002e381       0x52 CMakeFiles/Testing_STM32H563ZIT6.dir/Core/Src/main.c.obj
 .debug_macro   0x0002e3d3       0x1c CMakeFiles/Testing_STM32H563ZIT6.dir/Core/Src/main.c.obj
 .debug_macro   0x0002e3ef       0x35 CMakeFiles/Testing_STM32H563ZIT6.dir/Core/Src/main.c.obj
 .debug_macro   0x0002e424       0x10 CMakeFiles/Testing_STM32H563ZIT6.dir/Core/Src/main.c.obj
 .debug_macro   0x0002e434       0x1c CMakeFiles/Testing_STM32H563ZIT6.dir/Core/Src/main.c.obj
 .debug_macro   0x0002e450       0x16 CMakeFiles/Testing_STM32H563ZIT6.dir/Core/Src/main.c.obj
 .debug_macro   0x0002e466      0x170 CMakeFiles/Testing_STM32H563ZIT6.dir/Core/Src/main.c.obj
 .debug_macro   0x0002e5d6      0x130 CMakeFiles/Testing_STM32H563ZIT6.dir/Core/Src/main.c.obj
 .debug_macro   0x0002e706      0x154 CMakeFiles/Testing_STM32H563ZIT6.dir/Core/Src/main.c.obj
 .debug_macro   0x0002e85a      0x2b8 CMakeFiles/Testing_STM32H563ZIT6.dir/Core/Src/gpio.c.obj
 .debug_macro   0x0002eb12      0x2b8 CMakeFiles/Testing_STM32H563ZIT6.dir/Core/Src/stm32h5xx_it.c.obj
 .debug_macro   0x0002edca      0x2ae CMakeFiles/Testing_STM32H563ZIT6.dir/Core/Src/stm32h5xx_hal_msp.c.obj
 .debug_macro   0x0002f078      0x2ab CMakeFiles/Testing_STM32H563ZIT6.dir/Drivers/BSP/STM32H5xx_Nucleo/stm32h5xx_nucleo.c.obj
 .debug_macro   0x0002f323       0x1c CMakeFiles/Testing_STM32H563ZIT6.dir/Drivers/BSP/STM32H5xx_Nucleo/stm32h5xx_nucleo.c.obj
 .debug_macro   0x0002f33f      0x24a CMakeFiles/Testing_STM32H563ZIT6.dir/Drivers/STM32H5xx_HAL_Driver/Src/stm32h5xx_hal_cortex.c.obj
 .debug_macro   0x0002f589      0x28c CMakeFiles/Testing_STM32H563ZIT6.dir/Drivers/STM32H5xx_HAL_Driver/Src/stm32h5xx_hal_rcc.c.obj
 .debug_macro   0x0002f815      0x25c CMakeFiles/Testing_STM32H563ZIT6.dir/Drivers/STM32H5xx_HAL_Driver/Src/stm32h5xx_hal_rcc_ex.c.obj
 .debug_macro   0x0002fa71      0x280 CMakeFiles/Testing_STM32H563ZIT6.dir/Drivers/STM32H5xx_HAL_Driver/Src/stm32h5xx_hal_gpio.c.obj
 .debug_macro   0x0002fcf1      0x280 CMakeFiles/Testing_STM32H563ZIT6.dir/Drivers/STM32H5xx_HAL_Driver/Src/stm32h5xx_hal.c.obj
 .debug_macro   0x0002ff71      0x262 CMakeFiles/Testing_STM32H563ZIT6.dir/Drivers/STM32H5xx_HAL_Driver/Src/stm32h5xx_hal_exti.c.obj
 .debug_macro   0x000301d3      0x275 CMakeFiles/Testing_STM32H563ZIT6.dir/Drivers/STM32H5xx_HAL_Driver/Src/stm32h5xx_hal_uart.c.obj
 .debug_macro   0x00030448      0x251 CMakeFiles/Testing_STM32H563ZIT6.dir/Core/Src/system_stm32h5xx.c.obj

.debug_line     0x00000000     0xf99a
 .debug_line    0x00000000       0xc5 CMakeFiles/Testing_STM32H563ZIT6.dir/User/Src/superloop.c.obj
 .debug_line    0x000000c5      0xb3f CMakeFiles/Testing_STM32H563ZIT6.dir/Core/Src/main.c.obj
 .debug_line    0x00000c04      0xa7b CMakeFiles/Testing_STM32H563ZIT6.dir/Core/Src/gpio.c.obj
 .debug_line    0x0000167f      0xad4 CMakeFiles/Testing_STM32H563ZIT6.dir/Core/Src/stm32h5xx_it.c.obj
 .debug_line    0x00002153      0x9f5 CMakeFiles/Testing_STM32H563ZIT6.dir/Core/Src/stm32h5xx_hal_msp.c.obj
 .debug_line    0x00002b48      0xd19 CMakeFiles/Testing_STM32H563ZIT6.dir/Drivers/BSP/STM32H5xx_Nucleo/stm32h5xx_nucleo.c.obj
 .debug_line    0x00003861      0xf58 CMakeFiles/Testing_STM32H563ZIT6.dir/Drivers/STM32H5xx_HAL_Driver/Src/stm32h5xx_hal_cortex.c.obj
 .debug_line    0x000047b9     0x1363 CMakeFiles/Testing_STM32H563ZIT6.dir/Drivers/STM32H5xx_HAL_Driver/Src/stm32h5xx_hal_rcc.c.obj
 .debug_line    0x00005b1c     0x2eb4 CMakeFiles/Testing_STM32H563ZIT6.dir/Drivers/STM32H5xx_HAL_Driver/Src/stm32h5xx_hal_rcc_ex.c.obj
 .debug_line    0x000089d0      0xce4 CMakeFiles/Testing_STM32H563ZIT6.dir/Drivers/STM32H5xx_HAL_Driver/Src/stm32h5xx_hal_gpio.c.obj
 .debug_line    0x000096b4      0xff0 CMakeFiles/Testing_STM32H563ZIT6.dir/Drivers/STM32H5xx_HAL_Driver/Src/stm32h5xx_hal.c.obj
 .debug_line    0x0000a6a4      0xd2f CMakeFiles/Testing_STM32H563ZIT6.dir/Drivers/STM32H5xx_HAL_Driver/Src/stm32h5xx_hal_exti.c.obj
 .debug_line    0x0000b3d3     0x3ae3 CMakeFiles/Testing_STM32H563ZIT6.dir/Drivers/STM32H5xx_HAL_Driver/Src/stm32h5xx_hal_uart.c.obj
 .debug_line    0x0000eeb6      0xa69 CMakeFiles/Testing_STM32H563ZIT6.dir/Core/Src/system_stm32h5xx.c.obj
 .debug_line    0x0000f91f       0x7b CMakeFiles/Testing_STM32H563ZIT6.dir/startup_stm32h563xx.s.obj

.debug_str      0x00000000   0x13112d
 .debug_str     0x00000000     0x2f22 CMakeFiles/Testing_STM32H563ZIT6.dir/User/Src/superloop.c.obj
 .debug_str     0x00002f22   0x129ca6 CMakeFiles/Testing_STM32H563ZIT6.dir/Core/Src/main.c.obj
                             0x12ce52 (size before relaxing)
 .debug_str     0x0012cbc8      0x2cd CMakeFiles/Testing_STM32H563ZIT6.dir/Core/Src/gpio.c.obj
                             0x12c939 (size before relaxing)
 .debug_str     0x0012ce95      0x158 CMakeFiles/Testing_STM32H563ZIT6.dir/Core/Src/stm32h5xx_it.c.obj
                             0x12c732 (size before relaxing)
 .debug_str     0x0012cfed       0x97 CMakeFiles/Testing_STM32H563ZIT6.dir/Core/Src/stm32h5xx_hal_msp.c.obj
                             0x12c64b (size before relaxing)
 .debug_str     0x0012d084     0x1098 CMakeFiles/Testing_STM32H563ZIT6.dir/Drivers/BSP/STM32H5xx_Nucleo/stm32h5xx_nucleo.c.obj
                             0x12d6ff (size before relaxing)
 .debug_str     0x0012e11c      0x5ae CMakeFiles/Testing_STM32H563ZIT6.dir/Drivers/STM32H5xx_HAL_Driver/Src/stm32h5xx_hal_cortex.c.obj
                             0x12c1ca (size before relaxing)
 .debug_str     0x0012e6ca      0x4a4 CMakeFiles/Testing_STM32H563ZIT6.dir/Drivers/STM32H5xx_HAL_Driver/Src/stm32h5xx_hal_rcc.c.obj
                             0x12bd34 (size before relaxing)
 .debug_str     0x0012eb6e      0xbcc CMakeFiles/Testing_STM32H563ZIT6.dir/Drivers/STM32H5xx_HAL_Driver/Src/stm32h5xx_hal_rcc_ex.c.obj
                             0x12c07e (size before relaxing)
 .debug_str     0x0012f73a      0x30d CMakeFiles/Testing_STM32H563ZIT6.dir/Drivers/STM32H5xx_HAL_Driver/Src/stm32h5xx_hal_gpio.c.obj
                             0x12b554 (size before relaxing)
 .debug_str     0x0012fa47      0x920 CMakeFiles/Testing_STM32H563ZIT6.dir/Drivers/STM32H5xx_HAL_Driver/Src/stm32h5xx_hal.c.obj
                             0x12c63b (size before relaxing)
 .debug_str     0x00130367      0x259 CMakeFiles/Testing_STM32H563ZIT6.dir/Drivers/STM32H5xx_HAL_Driver/Src/stm32h5xx_hal_exti.c.obj
                             0x12b521 (size before relaxing)
 .debug_str     0x001305c0      0xa03 CMakeFiles/Testing_STM32H563ZIT6.dir/Drivers/STM32H5xx_HAL_Driver/Src/stm32h5xx_hal_uart.c.obj
                             0x12c235 (size before relaxing)
 .debug_str     0x00130fc3       0xca CMakeFiles/Testing_STM32H563ZIT6.dir/Core/Src/system_stm32h5xx.c.obj
                             0x12b7ef (size before relaxing)
 .debug_str     0x0013108d       0xa0 CMakeFiles/Testing_STM32H563ZIT6.dir/startup_stm32h563xx.s.obj
                                0x11a (size before relaxing)

.comment        0x00000000       0x43
 .comment       0x00000000       0x43 CMakeFiles/Testing_STM32H563ZIT6.dir/User/Src/superloop.c.obj
                                 0x44 (size before relaxing)
 .comment       0x00000043       0x44 CMakeFiles/Testing_STM32H563ZIT6.dir/Core/Src/main.c.obj
 .comment       0x00000043       0x44 CMakeFiles/Testing_STM32H563ZIT6.dir/Core/Src/gpio.c.obj
 .comment       0x00000043       0x44 CMakeFiles/Testing_STM32H563ZIT6.dir/Core/Src/stm32h5xx_it.c.obj
 .comment       0x00000043       0x44 CMakeFiles/Testing_STM32H563ZIT6.dir/Core/Src/stm32h5xx_hal_msp.c.obj
 .comment       0x00000043       0x44 CMakeFiles/Testing_STM32H563ZIT6.dir/Drivers/BSP/STM32H5xx_Nucleo/stm32h5xx_nucleo.c.obj
 .comment       0x00000043       0x44 CMakeFiles/Testing_STM32H563ZIT6.dir/Drivers/STM32H5xx_HAL_Driver/Src/stm32h5xx_hal_cortex.c.obj
 .comment       0x00000043       0x44 CMakeFiles/Testing_STM32H563ZIT6.dir/Drivers/STM32H5xx_HAL_Driver/Src/stm32h5xx_hal_rcc.c.obj
 .comment       0x00000043       0x44 CMakeFiles/Testing_STM32H563ZIT6.dir/Drivers/STM32H5xx_HAL_Driver/Src/stm32h5xx_hal_rcc_ex.c.obj
 .comment       0x00000043       0x44 CMakeFiles/Testing_STM32H563ZIT6.dir/Drivers/STM32H5xx_HAL_Driver/Src/stm32h5xx_hal_gpio.c.obj
 .comment       0x00000043       0x44 CMakeFiles/Testing_STM32H563ZIT6.dir/Drivers/STM32H5xx_HAL_Driver/Src/stm32h5xx_hal.c.obj
 .comment       0x00000043       0x44 CMakeFiles/Testing_STM32H563ZIT6.dir/Drivers/STM32H5xx_HAL_Driver/Src/stm32h5xx_hal_exti.c.obj
 .comment       0x00000043       0x44 CMakeFiles/Testing_STM32H563ZIT6.dir/Drivers/STM32H5xx_HAL_Driver/Src/stm32h5xx_hal_uart.c.obj
 .comment       0x00000043       0x44 CMakeFiles/Testing_STM32H563ZIT6.dir/Core/Src/system_stm32h5xx.c.obj

.debug_line_str
                0x00000000       0xfe
 .debug_line_str
                0x00000000       0xfe CMakeFiles/Testing_STM32H563ZIT6.dir/startup_stm32h563xx.s.obj
