Archive member included to satisfy reference by file (symbol)

C:/ST/STM32CubeCLT_1.17.0/GNU-tools-for-STM32/bin/../lib/gcc/arm-none-eabi/12.3.1/../../../../arm-none-eabi/lib/thumb/v8-m.main+fp/hard\libc_nano.a(libc_a-exit.o)
                              C:/ST/STM32CubeCLT_1.17.0/GNU-tools-for-STM32/bin/../lib/gcc/arm-none-eabi/12.3.1/../../../../arm-none-eabi/lib/thumb/v8-m.main+fp/hard/crt0.o (exit)
C:/ST/STM32CubeCLT_1.17.0/GNU-tools-for-STM32/bin/../lib/gcc/arm-none-eabi/12.3.1/../../../../arm-none-eabi/lib/thumb/v8-m.main+fp/hard\libc_nano.a(libc_a-findfp.o)
                              C:/ST/STM32CubeCLT_1.17.0/GNU-tools-for-STM32/bin/../lib/gcc/arm-none-eabi/12.3.1/../../../../arm-none-eabi/lib/thumb/v8-m.main+fp/hard\libc_nano.a(libc_a-exit.o) (__stdio_exit_handler)
C:/ST/STM32CubeCLT_1.17.0/GNU-tools-for-STM32/bin/../lib/gcc/arm-none-eabi/12.3.1/../../../../arm-none-eabi/lib/thumb/v8-m.main+fp/hard\libc_nano.a(libc_a-fwalk.o)
                              C:/ST/STM32CubeCLT_1.17.0/GNU-tools-for-STM32/bin/../lib/gcc/arm-none-eabi/12.3.1/../../../../arm-none-eabi/lib/thumb/v8-m.main+fp/hard\libc_nano.a(libc_a-findfp.o) (_fwalk_sglue)
C:/ST/STM32CubeCLT_1.17.0/GNU-tools-for-STM32/bin/../lib/gcc/arm-none-eabi/12.3.1/../../../../arm-none-eabi/lib/thumb/v8-m.main+fp/hard\libc_nano.a(libc_a-stdio.o)
                              C:/ST/STM32CubeCLT_1.17.0/GNU-tools-for-STM32/bin/../lib/gcc/arm-none-eabi/12.3.1/../../../../arm-none-eabi/lib/thumb/v8-m.main+fp/hard\libc_nano.a(libc_a-findfp.o) (__sread)
C:/ST/STM32CubeCLT_1.17.0/GNU-tools-for-STM32/bin/../lib/gcc/arm-none-eabi/12.3.1/../../../../arm-none-eabi/lib/thumb/v8-m.main+fp/hard\libc_nano.a(libc_a-memset.o)
                              C:/ST/STM32CubeCLT_1.17.0/GNU-tools-for-STM32/bin/../lib/gcc/arm-none-eabi/12.3.1/../../../../arm-none-eabi/lib/thumb/v8-m.main+fp/hard/crt0.o (memset)
C:/ST/STM32CubeCLT_1.17.0/GNU-tools-for-STM32/bin/../lib/gcc/arm-none-eabi/12.3.1/../../../../arm-none-eabi/lib/thumb/v8-m.main+fp/hard\libc_nano.a(libc_a-closer.o)
                              C:/ST/STM32CubeCLT_1.17.0/GNU-tools-for-STM32/bin/../lib/gcc/arm-none-eabi/12.3.1/../../../../arm-none-eabi/lib/thumb/v8-m.main+fp/hard\libc_nano.a(libc_a-stdio.o) (_close_r)
C:/ST/STM32CubeCLT_1.17.0/GNU-tools-for-STM32/bin/../lib/gcc/arm-none-eabi/12.3.1/../../../../arm-none-eabi/lib/thumb/v8-m.main+fp/hard\libc_nano.a(libc_a-reent.o)
                              C:/ST/STM32CubeCLT_1.17.0/GNU-tools-for-STM32/bin/../lib/gcc/arm-none-eabi/12.3.1/../../../../arm-none-eabi/lib/thumb/v8-m.main+fp/hard\libc_nano.a(libc_a-closer.o) (errno)
C:/ST/STM32CubeCLT_1.17.0/GNU-tools-for-STM32/bin/../lib/gcc/arm-none-eabi/12.3.1/../../../../arm-none-eabi/lib/thumb/v8-m.main+fp/hard\libc_nano.a(libc_a-impure.o)
                              C:/ST/STM32CubeCLT_1.17.0/GNU-tools-for-STM32/bin/../lib/gcc/arm-none-eabi/12.3.1/../../../../arm-none-eabi/lib/thumb/v8-m.main+fp/hard\libc_nano.a(libc_a-reent.o) (_impure_ptr)
C:/ST/STM32CubeCLT_1.17.0/GNU-tools-for-STM32/bin/../lib/gcc/arm-none-eabi/12.3.1/../../../../arm-none-eabi/lib/thumb/v8-m.main+fp/hard\libc_nano.a(libc_a-lseekr.o)
                              C:/ST/STM32CubeCLT_1.17.0/GNU-tools-for-STM32/bin/../lib/gcc/arm-none-eabi/12.3.1/../../../../arm-none-eabi/lib/thumb/v8-m.main+fp/hard\libc_nano.a(libc_a-stdio.o) (_lseek_r)
C:/ST/STM32CubeCLT_1.17.0/GNU-tools-for-STM32/bin/../lib/gcc/arm-none-eabi/12.3.1/../../../../arm-none-eabi/lib/thumb/v8-m.main+fp/hard\libc_nano.a(libc_a-readr.o)
                              C:/ST/STM32CubeCLT_1.17.0/GNU-tools-for-STM32/bin/../lib/gcc/arm-none-eabi/12.3.1/../../../../arm-none-eabi/lib/thumb/v8-m.main+fp/hard\libc_nano.a(libc_a-stdio.o) (_read_r)
C:/ST/STM32CubeCLT_1.17.0/GNU-tools-for-STM32/bin/../lib/gcc/arm-none-eabi/12.3.1/../../../../arm-none-eabi/lib/thumb/v8-m.main+fp/hard\libc_nano.a(libc_a-writer.o)
                              C:/ST/STM32CubeCLT_1.17.0/GNU-tools-for-STM32/bin/../lib/gcc/arm-none-eabi/12.3.1/../../../../arm-none-eabi/lib/thumb/v8-m.main+fp/hard\libc_nano.a(libc_a-stdio.o) (_write_r)
C:/ST/STM32CubeCLT_1.17.0/GNU-tools-for-STM32/bin/../lib/gcc/arm-none-eabi/12.3.1/../../../../arm-none-eabi/lib/thumb/v8-m.main+fp/hard\libc_nano.a(libc_a-init.o)
                              C:/ST/STM32CubeCLT_1.17.0/GNU-tools-for-STM32/bin/../lib/gcc/arm-none-eabi/12.3.1/../../../../arm-none-eabi/lib/thumb/v8-m.main+fp/hard/crt0.o (__libc_init_array)
C:/ST/STM32CubeCLT_1.17.0/GNU-tools-for-STM32/bin/../lib/gcc/arm-none-eabi/12.3.1/../../../../arm-none-eabi/lib/thumb/v8-m.main+fp/hard\libc_nano.a(libc_a-lock.o)
                              C:/ST/STM32CubeCLT_1.17.0/GNU-tools-for-STM32/bin/../lib/gcc/arm-none-eabi/12.3.1/../../../../arm-none-eabi/lib/thumb/v8-m.main+fp/hard\libc_nano.a(libc_a-findfp.o) (__retarget_lock_init_recursive)
[...]
Memory Configuration

Name             Origin             Length             Attributes
RAM              0x20000000         0x000a0000         xrw
FLASH            0x08000000         0x00200000         xr
*default*        0x00000000         0xffffffff

Linker script and memory map

LOAD C:/ST/STM32CubeCLT_1.17.0/GNU-tools-for-STM32/bin/../lib/gcc/arm-none-eabi/12.3.1/thumb/v8-m.main+fp/hard/crti.o
LOAD C:/ST/STM32CubeCLT_1.17.0/GNU-tools-for-STM32/bin/../lib/gcc/arm-none-eabi/12.3.1/thumb/v8-m.main+fp/hard/crtbegin.o
LOAD C:/ST/STM32CubeCLT_1.17.0/GNU-tools-for-STM32/bin/../lib/gcc/arm-none-eabi/12.3.1/../../../../arm-none-eabi/lib/thumb/v8-m.main+fp/hard/crt0.o
START GROUP
LOAD C:/ST/STM32CubeCLT_1.17.0/GNU-tools-for-STM32/bin/../lib/gcc/arm-none-eabi/12.3.1/../../../../arm-none-eabi/lib/thumb/v8-m.main+fp/hard\libc_nano.a
LOAD C:/ST/STM32CubeCLT_1.17.0/GNU-tools-for-STM32/bin/../lib/gcc/arm-none-eabi/12.3.1/../../../../arm-none-eabi/lib/thumb/v8-m.main+fp/hard\libm.a
END GROUP
LOAD CMakeFiles/Testing_STM32H563ZIT6.dir/User/Src/superloop.c.obj
LOAD CMakeFiles/Testing_STM32H563ZIT6.dir/User/Src/xsens_mti.c.obj
LOAD CMakeFiles/Testing_STM32H563ZIT6.dir/User/Src/xsens_mdata2.c.obj
LOAD CMakeFiles/Testing_STM32H563ZIT6.dir/User/Src/xsens_utility.c.obj
LOAD CMakeFiles/Testing_STM32H563ZIT6.dir/Core/Src/main.c.obj
LOAD CMakeFiles/Testing_STM32H563ZIT6.dir/Core/Src/gpio.c.obj
LOAD CMakeFiles/Testing_STM32H563ZIT6.dir/Core/Src/memorymap.c.obj
LOAD CMakeFiles/Testing_STM32H563ZIT6.dir/Core/Src/usart.c.obj
LOAD CMakeFiles/Testing_STM32H563ZIT6.dir/Core/Src/stm32h5xx_it.c.obj
LOAD CMakeFiles/Testing_STM32H563ZIT6.dir/Core/Src/stm32h5xx_hal_msp.c.obj
LOAD CMakeFiles/Testing_STM32H563ZIT6.dir/Drivers/BSP/STM32H5xx_Nucleo/stm32h5xx_nucleo.c.obj
LOAD CMakeFiles/Testing_STM32H563ZIT6.dir/Drivers/STM32H5xx_HAL_Driver/Src/stm32h5xx_hal_cortex.c.obj
LOAD CMakeFiles/Testing_STM32H563ZIT6.dir/Drivers/STM32H5xx_HAL_Driver/Src/stm32h5xx_hal_rcc.c.obj
LOAD CMakeFiles/Testing_STM32H563ZIT6.dir/Drivers/STM32H5xx_HAL_Driver/Src/stm32h5xx_hal_rcc_ex.c.obj
LOAD CMakeFiles/Testing_STM32H563ZIT6.dir/Drivers/STM32H5xx_HAL_Driver/Src/stm32h5xx_hal_flash.c.obj
LOAD CMakeFiles/Testing_STM32H563ZIT6.dir/Drivers/STM32H5xx_HAL_Driver/Src/stm32h5xx_hal_flash_ex.c.obj
LOAD CMakeFiles/Testing_STM32H563ZIT6.dir/Drivers/STM32H5xx_HAL_Driver/Src/stm32h5xx_hal_gpio.c.obj
LOAD CMakeFiles/Testing_STM32H563ZIT6.dir/Drivers/STM32H5xx_HAL_Driver/Src/stm32h5xx_hal_dma.c.obj
LOAD CMakeFiles/Testing_STM32H563ZIT6.dir/Drivers/STM32H5xx_HAL_Driver/Src/stm32h5xx_hal_dma_ex.c.obj
LOAD CMakeFiles/Testing_STM32H563ZIT6.dir/Drivers/STM32H5xx_HAL_Driver/Src/stm32h5xx_hal_pwr.c.obj
LOAD CMakeFiles/Testing_STM32H563ZIT6.dir/Drivers/STM32H5xx_HAL_Driver/Src/stm32h5xx_hal_pwr_ex.c.obj
LOAD CMakeFiles/Testing_STM32H563ZIT6.dir/Drivers/STM32H5xx_HAL_Driver/Src/stm32h5xx_hal.c.obj
LOAD CMakeFiles/Testing_STM32H563ZIT6.dir/Drivers/STM32H5xx_HAL_Driver/Src/stm32h5xx_hal_exti.c.obj
LOAD CMakeFiles/Testing_STM32H563ZIT6.dir/Drivers/STM32H5xx_HAL_Driver/Src/stm32h5xx_hal_uart.c.obj
LOAD CMakeFiles/Testing_STM32H563ZIT6.dir/Drivers/STM32H5xx_HAL_Driver/Src/stm32h5xx_hal_uart_ex.c.obj
LOAD CMakeFiles/Testing_STM32H563ZIT6.dir/Drivers/STM32H5xx_HAL_Driver/Src/stm32h5xx_hal_usart.c.obj
LOAD CMakeFiles/Testing_STM32H563ZIT6.dir/Drivers/STM32H5xx_HAL_Driver/Src/stm32h5xx_hal_usart_ex.c.obj
LOAD CMakeFiles/Testing_STM32H563ZIT6.dir/Core/Src/system_stm32h5xx.c.obj
LOAD CMakeFiles/Testing_STM32H563ZIT6.dir/Core/Src/sysmem.c.obj
LOAD CMakeFiles/Testing_STM32H563ZIT6.dir/Core/Src/syscalls.c.obj
LOAD CMakeFiles/Testing_STM32H563ZIT6.dir/startup_stm32h563xx.s.obj
START GROUP
LOAD C:/ST/STM32CubeCLT_1.17.0/GNU-tools-for-STM32/bin/../lib/gcc/arm-none-eabi/12.3.1/thumb/v8-m.main+fp/hard\libgcc.a
LOAD C:/ST/STM32CubeCLT_1.17.0/GNU-tools-for-STM32/bin/../lib/gcc/arm-none-eabi/12.3.1/../../../../arm-none-eabi/lib/thumb/v8-m.main+fp/hard\libg_nano.a
LOAD C:/ST/STM32CubeCLT_1.17.0/GNU-tools-for-STM32/bin/../lib/gcc/arm-none-eabi/12.3.1/../../../../arm-none-eabi/lib/thumb/v8-m.main+fp/hard\libc_nano.a
END GROUP
START GROUP
LOAD C:/ST/STM32CubeCLT_1.17.0/GNU-tools-for-STM32/bin/../lib/gcc/arm-none-eabi/12.3.1/thumb/v8-m.main+fp/hard\libgcc.a
LOAD C:/ST/STM32CubeCLT_1.17.0/GNU-tools-for-STM32/bin/../lib/gcc/arm-none-eabi/12.3.1/../../../../arm-none-eabi/lib/thumb/v8-m.main+fp/hard\libc_nano.a
END GROUP
LOAD C:/ST/STM32CubeCLT_1.17.0/GNU-tools-for-STM32/bin/../lib/gcc/arm-none-eabi/12.3.1/thumb/v8-m.main+fp/hard/crtend.o
LOAD C:/ST/STM32CubeCLT_1.17.0/GNU-tools-for-STM32/bin/../lib/gcc/arm-none-eabi/12.3.1/thumb/v8-m.main+fp/hard/crtn.o
                0x200a0000                        _estack = (ORIGIN (RAM) + LENGTH (RAM))
                0x00000200                        _Min_Heap_Size = 0x200
                0x00000400                        _Min_Stack_Size = 0x400

.isr_vector     0x08000000      0x24c
                0x08000000                        . = ALIGN (0x4)
 *(.isr_vector)
 .isr_vector    0x08000000      0x24c CMakeFiles/Testing_STM32H563ZIT6.dir/startup_stm32h563xx.s.obj
                0x08000000                g_pfnVectors
                0x0800024c                        . = ALIGN (0x4)

.text           0x0800024c     0x816c
                0x0800024c                        . = ALIGN (0x4)
 *(.text)
 .text          0x0800024c       0x40 C:/ST/STM32CubeCLT_1.17.0/GNU-tools-for-STM32/bin/../lib/gcc/arm-none-eabi/12.3.1/thumb/v8-m.main+fp/hard/crtbegin.o
 .text          0x0800028c       0x30 C:/ST/STM32CubeCLT_1.17.0/GNU-tools-for-STM32/bin/../lib/gcc/arm-none-eabi/12.3.1/thumb/v8-m.main+fp/hard\libgcc.a(_aeabi_uldivmod.o)
                0x0800028c                __aeabi_uldivmod
 .text          0x080002bc      0x2e4 C:/ST/STM32CubeCLT_1.17.0/GNU-tools-for-STM32/bin/../lib/gcc/arm-none-eabi/12.3.1/thumb/v8-m.main+fp/hard\libgcc.a(_udivmoddi4.o)
                0x080002bc                __udivmoddi4
 .text          0x080005a0        0x4 C:/ST/STM32CubeCLT_1.17.0/GNU-tools-for-STM32/bin/../lib/gcc/arm-none-eabi/12.3.1/thumb/v8-m.main+fp/hard\libgcc.a(_dvmd_tls.o)
                0x080005a0                __aeabi_idiv0
                0x080005a0                __aeabi_ldiv0
 .text          0x080005a4       0x10 C:/ST/STM32CubeCLT_1.17.0/GNU-tools-for-STM32/bin/../lib/gcc/arm-none-eabi/12.3.1/../../../../arm-none-eabi/lib/thumb/v8-m.main+fp/hard\libg_nano.a(libc_a-strlen.o)
                0x080005a4                strlen
 *(.text*)
 .text.memset   0x080005b4       0x10 C:/ST/STM32CubeCLT_1.17.0/GNU-tools-for-STM32/bin/../lib/gcc/arm-none-eabi/12.3.1/../../../../arm-none-eabi/lib/thumb/v8-m.main+fp/hard\libc_nano.a(libc_a-memset.o)
                0x080005b4                memset
 .text.__libc_init_array
                0x080005c4       0x48 C:/ST/STM32CubeCLT_1.17.0/GNU-tools-for-STM32/bin/../lib/gcc/arm-none-eabi/12.3.1/../../../../arm-none-eabi/lib/thumb/v8-m.main+fp/hard\libc_nano.a(libc_a-init.o)
                0x080005c4                __libc_init_array
 .text.superloop_init
                0x0800060c        0xe CMakeFiles/Testing_STM32H563ZIT6.dir/User/Src/superloop.c.obj
                0x0800060c                superloop_init
 *fill*         0x0800061a        0x2 
 .text.main     0x0800061c       0x70 CMakeFiles/Testing_STM32H563ZIT6.dir/Core/Src/main.c.obj
                0x0800061c                main
 .text.SystemClock_Config
                0x0800068c       0xe0 CMakeFiles/Testing_STM32H563ZIT6.dir/Core/Src/main.c.obj
                0x0800068c                SystemClock_Config
 .text.Error_Handler
                0x0800076c        0xc CMakeFiles/Testing_STM32H563ZIT6.dir/Core/Src/main.c.obj
                0x0800076c                Error_Handler
 .text.MX_GPIO_Init
                0x08000778      0x218 CMakeFiles/Testing_STM32H563ZIT6.dir/Core/Src/gpio.c.obj
                0x08000778                MX_GPIO_Init
 .text.MX_USART3_UART_Init
                0x08000990       0x98 CMakeFiles/Testing_STM32H563ZIT6.dir/Core/Src/usart.c.obj
                0x08000990                MX_USART3_UART_Init
 .text.HAL_UART_MspInit
                0x08000a28      0x11c CMakeFiles/Testing_STM32H563ZIT6.dir/Core/Src/usart.c.obj
                0x08000a28                HAL_UART_MspInit
 .text.NMI_Handler
                0x08000b44        0x8 CMakeFiles/Testing_STM32H563ZIT6.dir/Core/Src/stm32h5xx_it.c.obj
                0x08000b44                NMI_Handler
 .text.HardFault_Handler
                0x08000b4c        0x8 CMakeFiles/Testing_STM32H563ZIT6.dir/Core/Src/stm32h5xx_it.c.obj
                0x08000b4c                HardFault_Handler
 .text.MemManage_Handler
                0x08000b54        0x8 CMakeFiles/Testing_STM32H563ZIT6.dir/Core/Src/stm32h5xx_it.c.obj
                0x08000b54                MemManage_Handler
 .text.BusFault_Handler
                0x08000b5c        0x8 CMakeFiles/Testing_STM32H563ZIT6.dir/Core/Src/stm32h5xx_it.c.obj
                0x08000b5c                BusFault_Handler
 .text.UsageFault_Handler
                0x08000b64        0x8 CMakeFiles/Testing_STM32H563ZIT6.dir/Core/Src/stm32h5xx_it.c.obj
                0x08000b64                UsageFault_Handler
 .text.SVC_Handler
                0x08000b6c        0xe CMakeFiles/Testing_STM32H563ZIT6.dir/Core/Src/stm32h5xx_it.c.obj
                0x08000b6c                SVC_Handler
 .text.DebugMon_Handler
                0x08000b7a        0xe CMakeFiles/Testing_STM32H563ZIT6.dir/Core/Src/stm32h5xx_it.c.obj
                0x08000b7a                DebugMon_Handler
 .text.PendSV_Handler
                0x08000b88        0xe CMakeFiles/Testing_STM32H563ZIT6.dir/Core/Src/stm32h5xx_it.c.obj
                0x08000b88                PendSV_Handler
 .text.SysTick_Handler
                0x08000b96        0xc CMakeFiles/Testing_STM32H563ZIT6.dir/Core/Src/stm32h5xx_it.c.obj
                0x08000b96                SysTick_Handler
 .text.EXTI13_IRQHandler
                0x08000ba2        0xe CMakeFiles/Testing_STM32H563ZIT6.dir/Core/Src/stm32h5xx_it.c.obj
                0x08000ba2                EXTI13_IRQHandler
 .text.HAL_MspInit
                0x08000bb0        0xe CMakeFiles/Testing_STM32H563ZIT6.dir/Core/Src/stm32h5xx_hal_msp.c.obj
                0x08000bb0                HAL_MspInit
 *fill*         0x08000bbe        0x2 
 .text.BSP_LED_Init
                0x08000bc0       0xec CMakeFiles/Testing_STM32H563ZIT6.dir/Drivers/BSP/STM32H5xx_Nucleo/stm32h5xx_nucleo.c.obj
                0x08000bc0                BSP_LED_Init
 .text.BSP_PB_Init
                0x08000cac       0xf0 CMakeFiles/Testing_STM32H563ZIT6.dir/Drivers/BSP/STM32H5xx_Nucleo/stm32h5xx_nucleo.c.obj
                0x08000cac                BSP_PB_Init
 .text.BSP_PB_IRQHandler
                0x08000d9c       0x2c CMakeFiles/Testing_STM32H563ZIT6.dir/Drivers/BSP/STM32H5xx_Nucleo/stm32h5xx_nucleo.c.obj
                0x08000d9c                BSP_PB_IRQHandler
 .text.BSP_PB_Callback
                0x08000dc8       0x16 CMakeFiles/Testing_STM32H563ZIT6.dir/Drivers/BSP/STM32H5xx_Nucleo/stm32h5xx_nucleo.c.obj
                0x08000dc8                BSP_PB_Callback
 .text.BUTTON_USER_EXTI_Callback
                0x08000dde        0xe CMakeFiles/Testing_STM32H563ZIT6.dir/Drivers/BSP/STM32H5xx_Nucleo/stm32h5xx_nucleo.c.obj
 .text.__NVIC_SetPriorityGrouping
                0x08000dec       0x48 CMakeFiles/Testing_STM32H563ZIT6.dir/Drivers/STM32H5xx_HAL_Driver/Src/stm32h5xx_hal_cortex.c.obj
 .text.__NVIC_GetPriorityGrouping
                0x08000e34       0x1c CMakeFiles/Testing_STM32H563ZIT6.dir/Drivers/STM32H5xx_HAL_Driver/Src/stm32h5xx_hal_cortex.c.obj
 .text.__NVIC_EnableIRQ
                0x08000e50       0x3c CMakeFiles/Testing_STM32H563ZIT6.dir/Drivers/STM32H5xx_HAL_Driver/Src/stm32h5xx_hal_cortex.c.obj
 .text.__NVIC_SetPriority
                0x08000e8c       0x54 CMakeFiles/Testing_STM32H563ZIT6.dir/Drivers/STM32H5xx_HAL_Driver/Src/stm32h5xx_hal_cortex.c.obj
 .text.NVIC_EncodePriority
                0x08000ee0       0x66 CMakeFiles/Testing_STM32H563ZIT6.dir/Drivers/STM32H5xx_HAL_Driver/Src/stm32h5xx_hal_cortex.c.obj
 .text.HAL_NVIC_SetPriorityGrouping
                0x08000f46       0x16 CMakeFiles/Testing_STM32H563ZIT6.dir/Drivers/STM32H5xx_HAL_Driver/Src/stm32h5xx_hal_cortex.c.obj
                0x08000f46                HAL_NVIC_SetPriorityGrouping
 .text.HAL_NVIC_SetPriority
                0x08000f5c       0x34 CMakeFiles/Testing_STM32H563ZIT6.dir/Drivers/STM32H5xx_HAL_Driver/Src/stm32h5xx_hal_cortex.c.obj
                0x08000f5c                HAL_NVIC_SetPriority
 .text.HAL_NVIC_EnableIRQ
                0x08000f90       0x1c CMakeFiles/Testing_STM32H563ZIT6.dir/Drivers/STM32H5xx_HAL_Driver/Src/stm32h5xx_hal_cortex.c.obj
                0x08000f90                HAL_NVIC_EnableIRQ
 .text.HAL_SYSTICK_Config
                0x08000fac       0x44 CMakeFiles/Testing_STM32H563ZIT6.dir/Drivers/STM32H5xx_HAL_Driver/Src/stm32h5xx_hal_cortex.c.obj
                0x08000fac                HAL_SYSTICK_Config
 .text.HAL_SYSTICK_CLKSourceConfig
                0x08000ff0       0xb0 CMakeFiles/Testing_STM32H563ZIT6.dir/Drivers/STM32H5xx_HAL_Driver/Src/stm32h5xx_hal_cortex.c.obj
                0x08000ff0                HAL_SYSTICK_CLKSourceConfig
 .text.HAL_SYSTICK_GetCLKSourceConfig
                0x080010a0       0x6c CMakeFiles/Testing_STM32H563ZIT6.dir/Drivers/STM32H5xx_HAL_Driver/Src/stm32h5xx_hal_cortex.c.obj
                0x080010a0                HAL_SYSTICK_GetCLKSourceConfig
 .text.HAL_RCC_OscConfig
                0x0800110c      0x870 CMakeFiles/Testing_STM32H563ZIT6.dir/Drivers/STM32H5xx_HAL_Driver/Src/stm32h5xx_hal_rcc.c.obj
                0x0800110c                HAL_RCC_OscConfig
 .text.HAL_RCC_ClockConfig
                0x0800197c      0x370 CMakeFiles/Testing_STM32H563ZIT6.dir/Drivers/STM32H5xx_HAL_Driver/Src/stm32h5xx_hal_rcc.c.obj
                0x0800197c                HAL_RCC_ClockConfig
 .text.HAL_RCC_GetSysClockFreq
                0x08001cec      0x258 CMakeFiles/Testing_STM32H563ZIT6.dir/Drivers/STM32H5xx_HAL_Driver/Src/stm32h5xx_hal_rcc.c.obj
                0x08001cec                HAL_RCC_GetSysClockFreq
 .text.HAL_RCC_GetHCLKFreq
                0x08001f44       0x38 CMakeFiles/Testing_STM32H563ZIT6.dir/Drivers/STM32H5xx_HAL_Driver/Src/stm32h5xx_hal_rcc.c.obj
                0x08001f44                HAL_RCC_GetHCLKFreq
 .text.HAL_RCC_GetPCLK1Freq
                0x08001f7c       0x2c CMakeFiles/Testing_STM32H563ZIT6.dir/Drivers/STM32H5xx_HAL_Driver/Src/stm32h5xx_hal_rcc.c.obj
                0x08001f7c                HAL_RCC_GetPCLK1Freq
 .text.HAL_RCC_GetPCLK2Freq
                0x08001fa8       0x2c CMakeFiles/Testing_STM32H563ZIT6.dir/Drivers/STM32H5xx_HAL_Driver/Src/stm32h5xx_hal_rcc.c.obj
                0x08001fa8                HAL_RCC_GetPCLK2Freq
 .text.HAL_RCC_GetPCLK3Freq
                0x08001fd4       0x2c CMakeFiles/Testing_STM32H563ZIT6.dir/Drivers/STM32H5xx_HAL_Driver/Src/stm32h5xx_hal_rcc.c.obj
                0x08001fd4                HAL_RCC_GetPCLK3Freq
 .text.HAL_RCCEx_PeriphCLKConfig
                0x08002000     0x1f14 CMakeFiles/Testing_STM32H563ZIT6.dir/Drivers/STM32H5xx_HAL_Driver/Src/stm32h5xx_hal_rcc_ex.c.obj
                0x08002000                HAL_RCCEx_PeriphCLKConfig
 .text.HAL_RCCEx_GetPLL1ClockFreq
                0x08003f14      0x2d8 CMakeFiles/Testing_STM32H563ZIT6.dir/Drivers/STM32H5xx_HAL_Driver/Src/stm32h5xx_hal_rcc_ex.c.obj
                0x08003f14                HAL_RCCEx_GetPLL1ClockFreq
 .text.HAL_RCCEx_GetPLL2ClockFreq
                0x080041ec      0x2d8 CMakeFiles/Testing_STM32H563ZIT6.dir/Drivers/STM32H5xx_HAL_Driver/Src/stm32h5xx_hal_rcc_ex.c.obj
                0x080041ec                HAL_RCCEx_GetPLL2ClockFreq
 .text.HAL_RCCEx_GetPLL3ClockFreq
                0x080044c4      0x2d8 CMakeFiles/Testing_STM32H563ZIT6.dir/Drivers/STM32H5xx_HAL_Driver/Src/stm32h5xx_hal_rcc_ex.c.obj
                0x080044c4                HAL_RCCEx_GetPLL3ClockFreq
 .text.HAL_RCCEx_GetPeriphCLKFreq
                0x0800479c     0x26b4 CMakeFiles/Testing_STM32H563ZIT6.dir/Drivers/STM32H5xx_HAL_Driver/Src/stm32h5xx_hal_rcc_ex.c.obj
                0x0800479c                HAL_RCCEx_GetPeriphCLKFreq
 .text.RCCEx_PLL2_Config
                0x08006e50      0x130 CMakeFiles/Testing_STM32H563ZIT6.dir/Drivers/STM32H5xx_HAL_Driver/Src/stm32h5xx_hal_rcc_ex.c.obj
 .text.RCCEx_PLL3_Config
                0x08006f80      0x130 CMakeFiles/Testing_STM32H563ZIT6.dir/Drivers/STM32H5xx_HAL_Driver/Src/stm32h5xx_hal_rcc_ex.c.obj
 .text.HAL_GPIO_Init
                0x080070b0      0x2a4 CMakeFiles/Testing_STM32H563ZIT6.dir/Drivers/STM32H5xx_HAL_Driver/Src/stm32h5xx_hal_gpio.c.obj
                0x080070b0                HAL_GPIO_Init
 .text.HAL_GPIO_WritePin
                0x08007354       0x30 CMakeFiles/Testing_STM32H563ZIT6.dir/Drivers/STM32H5xx_HAL_Driver/Src/stm32h5xx_hal_gpio.c.obj
                0x08007354                HAL_GPIO_WritePin
 .text.HAL_Init
                0x08007384       0x50 CMakeFiles/Testing_STM32H563ZIT6.dir/Drivers/STM32H5xx_HAL_Driver/Src/stm32h5xx_hal.c.obj
                0x08007384                HAL_Init
 .text.HAL_InitTick
                0x080073d4       0xec CMakeFiles/Testing_STM32H563ZIT6.dir/Drivers/STM32H5xx_HAL_Driver/Src/stm32h5xx_hal.c.obj
                0x080073d4                HAL_InitTick
 .text.HAL_IncTick
                0x080074c0       0x28 CMakeFiles/Testing_STM32H563ZIT6.dir/Drivers/STM32H5xx_HAL_Driver/Src/stm32h5xx_hal.c.obj
                0x080074c0                HAL_IncTick
 .text.HAL_GetTick
                0x080074e8       0x18 CMakeFiles/Testing_STM32H563ZIT6.dir/Drivers/STM32H5xx_HAL_Driver/Src/stm32h5xx_hal.c.obj
                0x080074e8                HAL_GetTick
 .text.HAL_Delay
                0x08007500       0x48 CMakeFiles/Testing_STM32H563ZIT6.dir/Drivers/STM32H5xx_HAL_Driver/Src/stm32h5xx_hal.c.obj
                0x08007500                HAL_Delay
 .text.HAL_EXTI_RegisterCallback
                0x08007548       0x58 CMakeFiles/Testing_STM32H563ZIT6.dir/Drivers/STM32H5xx_HAL_Driver/Src/stm32h5xx_hal_exti.c.obj
                0x08007548                HAL_EXTI_RegisterCallback
 .text.HAL_EXTI_GetHandle
                0x080075a0       0x28 CMakeFiles/Testing_STM32H563ZIT6.dir/Drivers/STM32H5xx_HAL_Driver/Src/stm32h5xx_hal_exti.c.obj
                0x080075a0                HAL_EXTI_GetHandle
 .text.HAL_EXTI_IRQHandler
                0x080075c8       0x90 CMakeFiles/Testing_STM32H563ZIT6.dir/Drivers/STM32H5xx_HAL_Driver/Src/stm32h5xx_hal_exti.c.obj
                0x080075c8                HAL_EXTI_IRQHandler
 .text.HAL_UART_Init
                0x08007658       0xa0 CMakeFiles/Testing_STM32H563ZIT6.dir/Drivers/STM32H5xx_HAL_Driver/Src/stm32h5xx_hal_uart.c.obj
                0x08007658                HAL_UART_Init
 .text.HAL_UART_Transmit
                0x080076f8      0x13c CMakeFiles/Testing_STM32H563ZIT6.dir/Drivers/STM32H5xx_HAL_Driver/Src/stm32h5xx_hal_uart.c.obj
                0x080076f8                HAL_UART_Transmit
 .text.UART_SetConfig
                0x08007834      0x3dc CMakeFiles/Testing_STM32H563ZIT6.dir/Drivers/STM32H5xx_HAL_Driver/Src/stm32h5xx_hal_uart.c.obj
                0x08007834                UART_SetConfig
 .text.UART_AdvFeatureConfig
                0x08007c10      0x144 CMakeFiles/Testing_STM32H563ZIT6.dir/Drivers/STM32H5xx_HAL_Driver/Src/stm32h5xx_hal_uart.c.obj
                0x08007c10                UART_AdvFeatureConfig
 .text.UART_CheckIdleState
                0x08007d54      0x154 CMakeFiles/Testing_STM32H563ZIT6.dir/Drivers/STM32H5xx_HAL_Driver/Src/stm32h5xx_hal_uart.c.obj
                0x08007d54                UART_CheckIdleState
 .text.UART_WaitOnFlagUntilTimeout
                0x08007ea8       0xda CMakeFiles/Testing_STM32H563ZIT6.dir/Drivers/STM32H5xx_HAL_Driver/Src/stm32h5xx_hal_uart.c.obj
                0x08007ea8                UART_WaitOnFlagUntilTimeout
 .text.UART_EndRxTransfer
                0x08007f82       0xcc CMakeFiles/Testing_STM32H563ZIT6.dir/Drivers/STM32H5xx_HAL_Driver/Src/stm32h5xx_hal_uart.c.obj
 .text.HAL_UARTEx_DisableFifoMode
                0x0800804e       0x72 CMakeFiles/Testing_STM32H563ZIT6.dir/Drivers/STM32H5xx_HAL_Driver/Src/stm32h5xx_hal_uart_ex.c.obj
                0x0800804e                HAL_UARTEx_DisableFifoMode
 .text.HAL_UARTEx_SetTxFifoThreshold
                0x080080c0       0x7c CMakeFiles/Testing_STM32H563ZIT6.dir/Drivers/STM32H5xx_HAL_Driver/Src/stm32h5xx_hal_uart_ex.c.obj
                0x080080c0                HAL_UARTEx_SetTxFifoThreshold
 .text.HAL_UARTEx_SetRxFifoThreshold
                0x0800813c       0x7c CMakeFiles/Testing_STM32H563ZIT6.dir/Drivers/STM32H5xx_HAL_Driver/Src/stm32h5xx_hal_uart_ex.c.obj
                0x0800813c                HAL_UARTEx_SetRxFifoThreshold
 .text.UARTEx_SetNbDataToProcess
                0x080081b8       0x9c CMakeFiles/Testing_STM32H563ZIT6.dir/Drivers/STM32H5xx_HAL_Driver/Src/stm32h5xx_hal_uart_ex.c.obj
 .text.SystemInit
                0x08008254       0xf8 CMakeFiles/Testing_STM32H563ZIT6.dir/Core/Src/system_stm32h5xx.c.obj
                0x08008254                SystemInit
 .text.Reset_Handler
                0x0800834c       0x50 CMakeFiles/Testing_STM32H563ZIT6.dir/startup_stm32h563xx.s.obj
                0x0800834c                Reset_Handler
 .text.Default_Handler
                0x0800839c        0x2 CMakeFiles/Testing_STM32H563ZIT6.dir/startup_stm32h563xx.s.obj
                0x0800839c                EXTI2_IRQHandler
                0x0800839c                TIM8_TRG_COM_IRQHandler
                0x0800839c                TIM8_CC_IRQHandler
                0x0800839c                EXTI5_IRQHandler
                0x0800839c                I3C1_ER_IRQHandler
                0x0800839c                UART8_IRQHandler
                0x0800839c                SPI4_IRQHandler
                0x0800839c                GPDMA2_Channel1_IRQHandler
                0x0800839c                FLASH_S_IRQHandler
                0x0800839c                TIM1_CC_IRQHandler
                0x0800839c                GPDMA2_Channel3_IRQHandler
                0x0800839c                TAMP_IRQHandler
                0x0800839c                TIM6_IRQHandler
                0x0800839c                EXTI12_IRQHandler
                0x0800839c                CORDIC_IRQHandler
                0x0800839c                USB_DRD_FS_IRQHandler
                0x0800839c                EXTI3_IRQHandler
                0x0800839c                LPTIM4_IRQHandler
                0x0800839c                GPDMA1_Channel5_IRQHandler
                0x0800839c                EXTI8_IRQHandler
                0x0800839c                GPDMA2_Channel5_IRQHandler
                0x0800839c                LPTIM2_IRQHandler
                0x0800839c                I2C3_ER_IRQHandler
                0x0800839c                GPDMA2_Channel2_IRQHandler
                0x0800839c                USART10_IRQHandler
                0x0800839c                LPTIM3_IRQHandler
                0x0800839c                EXTI0_IRQHandler
                0x0800839c                I2C2_EV_IRQHandler
                0x0800839c                FPU_IRQHandler
                0x0800839c                GPDMA1_Channel3_IRQHandler
                0x0800839c                GPDMA1_Channel7_IRQHandler
                0x0800839c                FDCAN1_IT1_IRQHandler
                0x0800839c                RAMCFG_IRQHandler
                0x0800839c                DCACHE1_IRQHandler
                0x0800839c                SPI1_IRQHandler
                0x0800839c                OCTOSPI1_IRQHandler
                0x0800839c                GPDMA1_Channel2_IRQHandler
                0x0800839c                TIM8_UP_IRQHandler
                0x0800839c                RCC_S_IRQHandler
                0x0800839c                SAI2_IRQHandler
                0x0800839c                ADC1_IRQHandler
                0x0800839c                USART6_IRQHandler
                0x0800839c                EXTI15_IRQHandler
                0x0800839c                TIM17_IRQHandler
                0x0800839c                USART3_IRQHandler
                0x0800839c                RTC_IRQHandler
                0x0800839c                EXTI9_IRQHandler
                0x0800839c                LPTIM5_IRQHandler
                0x0800839c                UART5_IRQHandler
                0x0800839c                TIM4_IRQHandler
                0x0800839c                I2C1_EV_IRQHandler
                0x0800839c                GPDMA1_Channel1_IRQHandler
                0x0800839c                TIM16_IRQHandler
                0x0800839c                UART4_IRQHandler
                0x0800839c                SecureFault_Handler
                0x0800839c                TIM3_IRQHandler
                0x0800839c                RCC_IRQHandler
                0x0800839c                UART9_IRQHandler
                0x0800839c                TIM1_TRG_COM_IRQHandler
                0x0800839c                Default_Handler
                0x0800839c                FMAC_IRQHandler
                0x0800839c                CEC_IRQHandler
                0x0800839c                USART11_IRQHandler
                0x0800839c                TIM14_IRQHandler
                0x0800839c                TIM13_IRQHandler
                0x0800839c                GPDMA2_Channel4_IRQHandler
                0x0800839c                SPI5_IRQHandler
                0x0800839c                TIM12_IRQHandler
                0x0800839c                TIM7_IRQHandler
                0x0800839c                SDMMC1_IRQHandler
                0x0800839c                TIM5_IRQHandler
                0x0800839c                UCPD1_IRQHandler
                0x0800839c                GPDMA1_Channel0_IRQHandler
                0x0800839c                I3C1_EV_IRQHandler
                0x0800839c                TIM15_IRQHandler
                0x0800839c                PVD_AVD_IRQHandler
                0x0800839c                I2C3_EV_IRQHandler
                0x0800839c                ETH_WKUP_IRQHandler
                0x0800839c                ADC2_IRQHandler
                0x0800839c                SPI2_IRQHandler
                0x0800839c                EXTI14_IRQHandler
                0x0800839c                EXTI11_IRQHandler
                0x0800839c                CRS_IRQHandler
                0x0800839c                EXTI4_IRQHandler
                0x0800839c                GPDMA2_Channel0_IRQHandler
                0x0800839c                RTC_S_IRQHandler
                0x0800839c                RNG_IRQHandler
                0x0800839c                FDCAN2_IT1_IRQHandler
                0x0800839c                ETH_IRQHandler
                0x0800839c                GPDMA2_Channel6_IRQHandler
                0x0800839c                TIM1_UP_IRQHandler
                0x0800839c                UART12_IRQHandler
                0x0800839c                WWDG_IRQHandler
                0x0800839c                SPI6_IRQHandler
                0x0800839c                I2C4_EV_IRQHandler
                0x0800839c                FDCAN2_IT0_IRQHandler
                0x0800839c                IWDG_IRQHandler
                0x0800839c                LPUART1_IRQHandler
                0x0800839c                FDCAN1_IT0_IRQHandler
                0x0800839c                TIM2_IRQHandler
                0x0800839c                GPDMA1_Channel4_IRQHandler
                0x0800839c                EXTI7_IRQHandler
                0x0800839c                TIM1_BRK_IRQHandler
                0x0800839c                EXTI1_IRQHandler
                0x0800839c                SDMMC2_IRQHandler
                0x0800839c                LPTIM6_IRQHandler
                0x0800839c                DAC1_IRQHandler
                0x0800839c                DTS_IRQHandler
                0x0800839c                UART7_IRQHandler
                0x0800839c                GTZC_IRQHandler
                0x0800839c                USART2_IRQHandler
                0x0800839c                GPDMA1_Channel6_IRQHandler
                0x0800839c                GPDMA2_Channel7_IRQHandler
                0x0800839c                I2C2_ER_IRQHandler
                0x0800839c                TIM8_BRK_IRQHandler
                0x0800839c                FLASH_IRQHandler
                0x0800839c                USART1_IRQHandler
                0x0800839c                EXTI10_IRQHandler
                0x0800839c                SPI3_IRQHandler
                0x0800839c                I2C1_ER_IRQHandler
                0x0800839c                FMC_IRQHandler
                0x0800839c                EXTI6_IRQHandler
                0x0800839c                LPTIM1_IRQHandler
                0x0800839c                DCMI_PSSI_IRQHandler
                0x0800839c                I2C4_ER_IRQHandler
                0x0800839c                ICACHE_IRQHandler
                0x0800839c                SAI1_IRQHandler
                0x0800839c                HASH_IRQHandler
 *(.glue_7)
 .glue_7        0x0800839e        0x0 linker stubs
 *(.glue_7t)
 .glue_7t       0x0800839e        0x0 linker stubs
 *(.eh_frame)
 *fill*         0x0800839e        0x2 
 .eh_frame      0x080083a0        0x0 C:/ST/STM32CubeCLT_1.17.0/GNU-tools-for-STM32/bin/../lib/gcc/arm-none-eabi/12.3.1/thumb/v8-m.main+fp/hard/crtbegin.o
 *(.init)
 .init          0x080083a0        0x4 C:/ST/STM32CubeCLT_1.17.0/GNU-tools-for-STM32/bin/../lib/gcc/arm-none-eabi/12.3.1/thumb/v8-m.main+fp/hard/crti.o
                0x080083a0                _init
 .init          0x080083a4        0x8 C:/ST/STM32CubeCLT_1.17.0/GNU-tools-for-STM32/bin/../lib/gcc/arm-none-eabi/12.3.1/thumb/v8-m.main+fp/hard/crtn.o
 *(.fini)
 .fini          0x080083ac        0x4 C:/ST/STM32CubeCLT_1.17.0/GNU-tools-for-STM32/bin/../lib/gcc/arm-none-eabi/12.3.1/thumb/v8-m.main+fp/hard/crti.o
                0x080083ac                _fini
 .fini          0x080083b0        0x8 C:/ST/STM32CubeCLT_1.17.0/GNU-tools-for-STM32/bin/../lib/gcc/arm-none-eabi/12.3.1/thumb/v8-m.main+fp/hard/crtn.o
                0x080083b8                        . = ALIGN (0x4)
                0x080083b8                        _etext = .

.vfp11_veneer   0x080083b8        0x0
 .vfp11_veneer  0x080083b8        0x0 linker stubs

.v4_bx          0x080083b8        0x0
 .v4_bx         0x080083b8        0x0 linker stubs

.iplt           0x080083b8        0x0
 .iplt          0x080083b8        0x0 C:/ST/STM32CubeCLT_1.17.0/GNU-tools-for-STM32/bin/../lib/gcc/arm-none-eabi/12.3.1/thumb/v8-m.main+fp/hard/crtbegin.o

.rodata         0x080083b8       0x5c
                0x080083b8                        . = ALIGN (0x4)
 *(.rodata)
 .rodata        0x080083b8       0x10 CMakeFiles/Testing_STM32H563ZIT6.dir/Core/Src/main.c.obj
 *(.rodata*)
 .rodata.LED_PIN
                0x080083c8        0x6 CMakeFiles/Testing_STM32H563ZIT6.dir/Drivers/BSP/STM32H5xx_Nucleo/stm32h5xx_nucleo.c.obj
 *fill*         0x080083ce        0x2 
 .rodata.BUTTON_EXTI_LINE.2
                0x080083d0        0x4 CMakeFiles/Testing_STM32H563ZIT6.dir/Drivers/BSP/STM32H5xx_Nucleo/stm32h5xx_nucleo.c.obj
 .rodata.UARTPrescTable
                0x080083d4       0x18 CMakeFiles/Testing_STM32H563ZIT6.dir/Drivers/STM32H5xx_HAL_Driver/Src/stm32h5xx_hal_uart.c.obj
                0x080083d4                UARTPrescTable
 .rodata.numerator.1
                0x080083ec        0x8 CMakeFiles/Testing_STM32H563ZIT6.dir/Drivers/STM32H5xx_HAL_Driver/Src/stm32h5xx_hal_uart_ex.c.obj
 .rodata.denominator.0
                0x080083f4        0x8 CMakeFiles/Testing_STM32H563ZIT6.dir/Drivers/STM32H5xx_HAL_Driver/Src/stm32h5xx_hal_uart_ex.c.obj
 .rodata.AHBPrescTable
                0x080083fc       0x10 CMakeFiles/Testing_STM32H563ZIT6.dir/Core/Src/system_stm32h5xx.c.obj
                0x080083fc                AHBPrescTable
 .rodata.APBPrescTable
                0x0800840c        0x8 CMakeFiles/Testing_STM32H563ZIT6.dir/Core/Src/system_stm32h5xx.c.obj
                0x0800840c                APBPrescTable
                0x08008414                        . = ALIGN (0x4)

.ARM.extab      0x08008414        0x0
                0x08008414                        . = ALIGN (0x4)
 *(.ARM.extab* .gnu.linkonce.armextab.*)
                0x08008414                        . = ALIGN (0x4)

.ARM            0x08008414        0x8
                0x08008414                        . = ALIGN (0x4)
                0x08008414                        __exidx_start = .
 *(.ARM.exidx*)
 .ARM.exidx     0x08008414        0x8 C:/ST/STM32CubeCLT_1.17.0/GNU-tools-for-STM32/bin/../lib/gcc/arm-none-eabi/12.3.1/thumb/v8-m.main+fp/hard\libgcc.a(_udivmoddi4.o)
 .ARM.exidx     0x0800841c        0x0 C:/ST/STM32CubeCLT_1.17.0/GNU-tools-for-STM32/bin/../lib/gcc/arm-none-eabi/12.3.1/../../../../arm-none-eabi/lib/thumb/v8-m.main+fp/hard\libg_nano.a(libc_a-strlen.o)
                                  0x8 (size before relaxing)
                0x0800841c                        __exidx_end = .
                0x0800841c                        . = ALIGN (0x4)

.preinit_array  0x0800841c        0x0
                0x0800841c                        . = ALIGN (0x4)
                0x0800841c                        PROVIDE (__preinit_array_start = .)
 *(.preinit_array*)
                0x0800841c                        PROVIDE (__preinit_array_end = .)
                0x0800841c                        . = ALIGN (0x4)

.init_array     0x0800841c        0x4
                0x0800841c                        . = ALIGN (0x4)
                0x0800841c                        PROVIDE (__init_array_start = .)
 *(SORT_BY_NAME(.init_array.*))
 *(.init_array*)
 .init_array    0x0800841c        0x4 C:/ST/STM32CubeCLT_1.17.0/GNU-tools-for-STM32/bin/../lib/gcc/arm-none-eabi/12.3.1/thumb/v8-m.main+fp/hard/crtbegin.o
                0x08008420                        PROVIDE (__init_array_end = .)
                0x08008420                        . = ALIGN (0x4)

.fini_array     0x08008420        0x4
                0x08008420                        . = ALIGN (0x4)
                [!provide]                        PROVIDE (__fini_array_start = .)
 *(SORT_BY_NAME(.fini_array.*))
 *(.fini_array*)
 .fini_array    0x08008420        0x4 C:/ST/STM32CubeCLT_1.17.0/GNU-tools-for-STM32/bin/../lib/gcc/arm-none-eabi/12.3.1/thumb/v8-m.main+fp/hard/crtbegin.o
                [!provide]                        PROVIDE (__fini_array_end = .)
                0x08008424                        . = ALIGN (0x4)
                0x08008424                        _sidata = LOADADDR (.data)

.rel.dyn        0x08008424        0x0
 .rel.iplt      0x08008424        0x0 C:/ST/STM32CubeCLT_1.17.0/GNU-tools-for-STM32/bin/../lib/gcc/arm-none-eabi/12.3.1/thumb/v8-m.main+fp/hard/crtbegin.o

.data           0x20000000       0x24 load address 0x08008424
                0x20000000                        . = ALIGN (0x4)
                0x20000000                        _sdata = .
 *(.data)
 *(.data*)
 .data.LED_PORT
                0x20000000        0xc CMakeFiles/Testing_STM32H563ZIT6.dir/Drivers/BSP/STM32H5xx_Nucleo/stm32h5xx_nucleo.c.obj
 .data.BUTTON_PORT
                0x2000000c        0x4 CMakeFiles/Testing_STM32H563ZIT6.dir/Drivers/BSP/STM32H5xx_Nucleo/stm32h5xx_nucleo.c.obj
 .data.ButtonCallback.1
                0x20000010        0x4 CMakeFiles/Testing_STM32H563ZIT6.dir/Drivers/BSP/STM32H5xx_Nucleo/stm32h5xx_nucleo.c.obj
 .data.BSP_BUTTON_PRIO.0
                0x20000014        0x4 CMakeFiles/Testing_STM32H563ZIT6.dir/Drivers/BSP/STM32H5xx_Nucleo/stm32h5xx_nucleo.c.obj
 .data.uwTickPrio
                0x20000018        0x4 CMakeFiles/Testing_STM32H563ZIT6.dir/Drivers/STM32H5xx_HAL_Driver/Src/stm32h5xx_hal.c.obj
                0x20000018                uwTickPrio
 .data.uwTickFreq
                0x2000001c        0x1 CMakeFiles/Testing_STM32H563ZIT6.dir/Drivers/STM32H5xx_HAL_Driver/Src/stm32h5xx_hal.c.obj
                0x2000001c                uwTickFreq
 *fill*         0x2000001d        0x3 
 .data.SystemCoreClock
                0x20000020        0x4 CMakeFiles/Testing_STM32H563ZIT6.dir/Core/Src/system_stm32h5xx.c.obj
                0x20000020                SystemCoreClock
 *(.RamFunc)
 *(.RamFunc*)
                0x20000024                        . = ALIGN (0x4)
                0x20000024                        _edata = .

.igot.plt       0x20000024        0x0 load address 0x08008448
 .igot.plt      0x20000024        0x0 C:/ST/STM32CubeCLT_1.17.0/GNU-tools-for-STM32/bin/../lib/gcc/arm-none-eabi/12.3.1/thumb/v8-m.main+fp/hard/crtbegin.o
                0x20000024                        . = ALIGN (0x4)

.bss            0x20000024       0xc0 load address 0x08008448
                0x20000024                        _sbss = .
                0x20000024                        __bss_start__ = _sbss
 *(.bss)
 .bss           0x20000024       0x1c C:/ST/STM32CubeCLT_1.17.0/GNU-tools-for-STM32/bin/../lib/gcc/arm-none-eabi/12.3.1/thumb/v8-m.main+fp/hard/crtbegin.o
 *(.bss*)
 .bss.huart3    0x20000040       0x94 CMakeFiles/Testing_STM32H563ZIT6.dir/Core/Src/usart.c.obj
                0x20000040                huart3
 .bss.hpb_exti  0x200000d4        0xc CMakeFiles/Testing_STM32H563ZIT6.dir/Drivers/BSP/STM32H5xx_Nucleo/stm32h5xx_nucleo.c.obj
                0x200000d4                hpb_exti
 .bss.uwTick    0x200000e0        0x4 CMakeFiles/Testing_STM32H563ZIT6.dir/Drivers/STM32H5xx_HAL_Driver/Src/stm32h5xx_hal.c.obj
                0x200000e0                uwTick
 *(COMMON)
                0x200000e4                        . = ALIGN (0x4)
                0x200000e4                        _ebss = .
                0x200000e4                        __bss_end__ = _ebss

._user_heap_stack
                0x200000e4      0x604 load address 0x08008448
                0x200000e8                        . = ALIGN (0x8)
 *fill*         0x200000e4        0x4 
                [!provide]                        PROVIDE (end = .)
                0x200000e8                        PROVIDE (_end = .)
                0x200002e8                        . = (. + _Min_Heap_Size)
 *fill*         0x200000e8      0x200 
                0x200006e8                        . = (. + _Min_Stack_Size)
 *fill*         0x200002e8      0x400 
                0x200006e8                        . = ALIGN (0x8)

/DISCARD/
 libc.a(*)
 libm.a(*)
 libgcc.a(*)

.ARM.attributes
                0x00000000       0x36
 *(.ARM.attributes)
 .ARM.attributes
                0x00000000       0x26 C:/ST/STM32CubeCLT_1.17.0/GNU-tools-for-STM32/bin/../lib/gcc/arm-none-eabi/12.3.1/thumb/v8-m.main+fp/hard/crti.o
 .ARM.attributes
                0x00000026       0x38 C:/ST/STM32CubeCLT_1.17.0/GNU-tools-for-STM32/bin/../lib/gcc/arm-none-eabi/12.3.1/thumb/v8-m.main+fp/hard/crtbegin.o
 .ARM.attributes
                0x0000005e       0x38 C:/ST/STM32CubeCLT_1.17.0/GNU-tools-for-STM32/bin/../lib/gcc/arm-none-eabi/12.3.1/../../../../arm-none-eabi/lib/thumb/v8-m.main+fp/hard\libc_nano.a(libc_a-memset.o)
 .ARM.attributes
                0x00000096       0x38 C:/ST/STM32CubeCLT_1.17.0/GNU-tools-for-STM32/bin/../lib/gcc/arm-none-eabi/12.3.1/../../../../arm-none-eabi/lib/thumb/v8-m.main+fp/hard\libc_nano.a(libc_a-init.o)
 .ARM.attributes
                0x000000ce       0x3a CMakeFiles/Testing_STM32H563ZIT6.dir/User/Src/superloop.c.obj
 .ARM.attributes
                0x00000108       0x3a CMakeFiles/Testing_STM32H563ZIT6.dir/Core/Src/main.c.obj
 .ARM.attributes
                0x00000142       0x3a CMakeFiles/Testing_STM32H563ZIT6.dir/Core/Src/gpio.c.obj
 .ARM.attributes
                0x0000017c       0x3a CMakeFiles/Testing_STM32H563ZIT6.dir/Core/Src/usart.c.obj
 .ARM.attributes
                0x000001b6       0x3a CMakeFiles/Testing_STM32H563ZIT6.dir/Core/Src/stm32h5xx_it.c.obj
 .ARM.attributes
                0x000001f0       0x3a CMakeFiles/Testing_STM32H563ZIT6.dir/Core/Src/stm32h5xx_hal_msp.c.obj
 .ARM.attributes
                0x0000022a       0x3a CMakeFiles/Testing_STM32H563ZIT6.dir/Drivers/BSP/STM32H5xx_Nucleo/stm32h5xx_nucleo.c.obj
 .ARM.attributes
                0x00000264       0x3a CMakeFiles/Testing_STM32H563ZIT6.dir/Drivers/STM32H5xx_HAL_Driver/Src/stm32h5xx_hal_cortex.c.obj
 .ARM.attributes
                0x0000029e       0x3a CMakeFiles/Testing_STM32H563ZIT6.dir/Drivers/STM32H5xx_HAL_Driver/Src/stm32h5xx_hal_rcc.c.obj
 .ARM.attributes
                0x000002d8       0x3a CMakeFiles/Testing_STM32H563ZIT6.dir/Drivers/STM32H5xx_HAL_Driver/Src/stm32h5xx_hal_rcc_ex.c.obj
 .ARM.attributes
                0x00000312       0x3a CMakeFiles/Testing_STM32H563ZIT6.dir/Drivers/STM32H5xx_HAL_Driver/Src/stm32h5xx_hal_gpio.c.obj
 .ARM.attributes
                0x0000034c       0x3a CMakeFiles/Testing_STM32H563ZIT6.dir/Drivers/STM32H5xx_HAL_Driver/Src/stm32h5xx_hal.c.obj
 .ARM.attributes
                0x00000386       0x3a CMakeFiles/Testing_STM32H563ZIT6.dir/Drivers/STM32H5xx_HAL_Driver/Src/stm32h5xx_hal_exti.c.obj
 .ARM.attributes
                0x000003c0       0x3a CMakeFiles/Testing_STM32H563ZIT6.dir/Drivers/STM32H5xx_HAL_Driver/Src/stm32h5xx_hal_uart.c.obj
 .ARM.attributes
                0x000003fa       0x3a CMakeFiles/Testing_STM32H563ZIT6.dir/Drivers/STM32H5xx_HAL_Driver/Src/stm32h5xx_hal_uart_ex.c.obj
 .ARM.attributes
                0x00000434       0x3a CMakeFiles/Testing_STM32H563ZIT6.dir/Core/Src/system_stm32h5xx.c.obj
 .ARM.attributes
                0x0000046e       0x24 CMakeFiles/Testing_STM32H563ZIT6.dir/startup_stm32h563xx.s.obj
 .ARM.attributes
                0x00000492       0x26 C:/ST/STM32CubeCLT_1.17.0/GNU-tools-for-STM32/bin/../lib/gcc/arm-none-eabi/12.3.1/thumb/v8-m.main+fp/hard\libgcc.a(_aeabi_uldivmod.o)
 .ARM.attributes
                0x000004b8       0x38 C:/ST/STM32CubeCLT_1.17.0/GNU-tools-for-STM32/bin/../lib/gcc/arm-none-eabi/12.3.1/thumb/v8-m.main+fp/hard\libgcc.a(_udivmoddi4.o)
 .ARM.attributes
                0x000004f0       0x26 C:/ST/STM32CubeCLT_1.17.0/GNU-tools-for-STM32/bin/../lib/gcc/arm-none-eabi/12.3.1/thumb/v8-m.main+fp/hard\libgcc.a(_dvmd_tls.o)
 .ARM.attributes
                0x00000516       0x24 C:/ST/STM32CubeCLT_1.17.0/GNU-tools-for-STM32/bin/../lib/gcc/arm-none-eabi/12.3.1/../../../../arm-none-eabi/lib/thumb/v8-m.main+fp/hard\libg_nano.a(libc_a-strlen.o)
 .ARM.attributes
                0x0000053a       0x26 C:/ST/STM32CubeCLT_1.17.0/GNU-tools-for-STM32/bin/../lib/gcc/arm-none-eabi/12.3.1/thumb/v8-m.main+fp/hard/crtn.o
OUTPUT(Testing_STM32H563ZIT6.elf elf32-littlearm)
LOAD linker stubs
LOAD C:/ST/STM32CubeCLT_1.17.0/GNU-tools-for-STM32/bin/../lib/gcc/arm-none-eabi/12.3.1/../../../../arm-none-eabi/lib/thumb/v8-m.main+fp/hard\libc.a
LOAD C:/ST/STM32CubeCLT_1.17.0/GNU-tools-for-STM32/bin/../lib/gcc/arm-none-eabi/12.3.1/../../../../arm-none-eabi/lib/thumb/v8-m.main+fp/hard\libm.a
LOAD C:/ST/STM32CubeCLT_1.17.0/GNU-tools-for-STM32/bin/../lib/gcc/arm-none-eabi/12.3.1/thumb/v8-m.main+fp/hard\libgcc.a

.debug_frame    0x00000000     0x2b3c
 .debug_frame   0x00000000       0x20 C:/ST/STM32CubeCLT_1.17.0/GNU-tools-for-STM32/bin/../lib/gcc/arm-none-eabi/12.3.1/../../../../arm-none-eabi/lib/thumb/v8-m.main+fp/hard\libc_nano.a(libc_a-memset.o)
 .debug_frame   0x00000020       0x2c C:/ST/STM32CubeCLT_1.17.0/GNU-tools-for-STM32/bin/../lib/gcc/arm-none-eabi/12.3.1/../../../../arm-none-eabi/lib/thumb/v8-m.main+fp/hard\libc_nano.a(libc_a-init.o)
 .debug_frame   0x0000004c       0x50 CMakeFiles/Testing_STM32H563ZIT6.dir/User/Src/superloop.c.obj
 .debug_frame   0x0000009c       0x6c CMakeFiles/Testing_STM32H563ZIT6.dir/Core/Src/main.c.obj
 .debug_frame   0x00000108       0x34 CMakeFiles/Testing_STM32H563ZIT6.dir/Core/Src/gpio.c.obj
 .debug_frame   0x0000013c       0x78 CMakeFiles/Testing_STM32H563ZIT6.dir/Core/Src/usart.c.obj
 .debug_frame   0x000001b4      0x120 CMakeFiles/Testing_STM32H563ZIT6.dir/Core/Src/stm32h5xx_it.c.obj
 .debug_frame   0x000002d4       0x30 CMakeFiles/Testing_STM32H563ZIT6.dir/Core/Src/stm32h5xx_hal_msp.c.obj
 .debug_frame   0x00000304      0x21c CMakeFiles/Testing_STM32H563ZIT6.dir/Drivers/BSP/STM32H5xx_Nucleo/stm32h5xx_nucleo.c.obj
 .debug_frame   0x00000520      0x560 CMakeFiles/Testing_STM32H563ZIT6.dir/Drivers/STM32H5xx_HAL_Driver/Src/stm32h5xx_hal_cortex.c.obj
 .debug_frame   0x00000a80      0x268 CMakeFiles/Testing_STM32H563ZIT6.dir/Drivers/STM32H5xx_HAL_Driver/Src/stm32h5xx_hal_rcc.c.obj
 .debug_frame   0x00000ce8      0x470 CMakeFiles/Testing_STM32H563ZIT6.dir/Drivers/STM32H5xx_HAL_Driver/Src/stm32h5xx_hal_rcc_ex.c.obj
 .debug_frame   0x00001158      0x1ec CMakeFiles/Testing_STM32H563ZIT6.dir/Drivers/STM32H5xx_HAL_Driver/Src/stm32h5xx_hal_gpio.c.obj
 .debug_frame   0x00001344      0x828 CMakeFiles/Testing_STM32H563ZIT6.dir/Drivers/STM32H5xx_HAL_Driver/Src/stm32h5xx_hal.c.obj
 .debug_frame   0x00001b6c      0x1c4 CMakeFiles/Testing_STM32H563ZIT6.dir/Drivers/STM32H5xx_HAL_Driver/Src/stm32h5xx_hal_exti.c.obj
 .debug_frame   0x00001d30      0xa84 CMakeFiles/Testing_STM32H563ZIT6.dir/Drivers/STM32H5xx_HAL_Driver/Src/stm32h5xx_hal_uart.c.obj
 .debug_frame   0x000027b4      0x2c4 CMakeFiles/Testing_STM32H563ZIT6.dir/Drivers/STM32H5xx_HAL_Driver/Src/stm32h5xx_hal_uart_ex.c.obj
 .debug_frame   0x00002a78       0x60 CMakeFiles/Testing_STM32H563ZIT6.dir/Core/Src/system_stm32h5xx.c.obj
 .debug_frame   0x00002ad8       0x2c C:/ST/STM32CubeCLT_1.17.0/GNU-tools-for-STM32/bin/../lib/gcc/arm-none-eabi/12.3.1/thumb/v8-m.main+fp/hard\libgcc.a(_aeabi_uldivmod.o)
 .debug_frame   0x00002b04       0x38 C:/ST/STM32CubeCLT_1.17.0/GNU-tools-for-STM32/bin/../lib/gcc/arm-none-eabi/12.3.1/thumb/v8-m.main+fp/hard\libgcc.a(_udivmoddi4.o)

.debug_info     0x00000000     0xf8df
 .debug_info    0x00000000       0xad CMakeFiles/Testing_STM32H563ZIT6.dir/User/Src/superloop.c.obj
 .debug_info    0x000000ad     0x127d CMakeFiles/Testing_STM32H563ZIT6.dir/Core/Src/main.c.obj
 .debug_info    0x0000132a      0x618 CMakeFiles/Testing_STM32H563ZIT6.dir/Core/Src/gpio.c.obj
 .debug_info    0x00001942     0x12ec CMakeFiles/Testing_STM32H563ZIT6.dir/Core/Src/usart.c.obj
 .debug_info    0x00002c2e      0x170 CMakeFiles/Testing_STM32H563ZIT6.dir/Core/Src/stm32h5xx_it.c.obj
 .debug_info    0x00002d9e       0x9f CMakeFiles/Testing_STM32H563ZIT6.dir/Core/Src/stm32h5xx_hal_msp.c.obj
 .debug_info    0x00002e3d      0xfa9 CMakeFiles/Testing_STM32H563ZIT6.dir/Drivers/BSP/STM32H5xx_Nucleo/stm32h5xx_nucleo.c.obj
 .debug_info    0x00003de6     0x1658 CMakeFiles/Testing_STM32H563ZIT6.dir/Drivers/STM32H5xx_HAL_Driver/Src/stm32h5xx_hal_cortex.c.obj
 .debug_info    0x0000543e     0x109f CMakeFiles/Testing_STM32H563ZIT6.dir/Drivers/STM32H5xx_HAL_Driver/Src/stm32h5xx_hal_rcc.c.obj
 .debug_info    0x000064dd     0x12d7 CMakeFiles/Testing_STM32H563ZIT6.dir/Drivers/STM32H5xx_HAL_Driver/Src/stm32h5xx_hal_rcc_ex.c.obj
 .debug_info    0x000077b4      0x6b6 CMakeFiles/Testing_STM32H563ZIT6.dir/Drivers/STM32H5xx_HAL_Driver/Src/stm32h5xx_hal_gpio.c.obj
 .debug_info    0x00007e6a     0x139f CMakeFiles/Testing_STM32H563ZIT6.dir/Drivers/STM32H5xx_HAL_Driver/Src/stm32h5xx_hal.c.obj
 .debug_info    0x00009209      0x7ca CMakeFiles/Testing_STM32H563ZIT6.dir/Drivers/STM32H5xx_HAL_Driver/Src/stm32h5xx_hal_exti.c.obj
 .debug_info    0x000099d3     0x4030 CMakeFiles/Testing_STM32H563ZIT6.dir/Drivers/STM32H5xx_HAL_Driver/Src/stm32h5xx_hal_uart.c.obj
 .debug_info    0x0000da03     0x10ed CMakeFiles/Testing_STM32H563ZIT6.dir/Drivers/STM32H5xx_HAL_Driver/Src/stm32h5xx_hal_uart_ex.c.obj
 .debug_info    0x0000eaf0      0xd8e CMakeFiles/Testing_STM32H563ZIT6.dir/Core/Src/system_stm32h5xx.c.obj
 .debug_info    0x0000f87e       0x30 CMakeFiles/Testing_STM32H563ZIT6.dir/startup_stm32h563xx.s.obj
 .debug_info    0x0000f8ae       0x31 C:/ST/STM32CubeCLT_1.17.0/GNU-tools-for-STM32/bin/../lib/gcc/arm-none-eabi/12.3.1/../../../../arm-none-eabi/lib/thumb/v8-m.main+fp/hard\libg_nano.a(libc_a-strlen.o)

.debug_abbrev   0x00000000     0x1f97
 .debug_abbrev  0x00000000       0x47 CMakeFiles/Testing_STM32H563ZIT6.dir/User/Src/superloop.c.obj
 .debug_abbrev  0x00000047      0x267 CMakeFiles/Testing_STM32H563ZIT6.dir/Core/Src/main.c.obj
 .debug_abbrev  0x000002ae      0x15b CMakeFiles/Testing_STM32H563ZIT6.dir/Core/Src/gpio.c.obj
 .debug_abbrev  0x00000409      0x23e CMakeFiles/Testing_STM32H563ZIT6.dir/Core/Src/usart.c.obj
 .debug_abbrev  0x00000647       0xbc CMakeFiles/Testing_STM32H563ZIT6.dir/Core/Src/stm32h5xx_it.c.obj
 .debug_abbrev  0x00000703       0x45 CMakeFiles/Testing_STM32H563ZIT6.dir/Core/Src/stm32h5xx_hal_msp.c.obj
 .debug_abbrev  0x00000748      0x2c4 CMakeFiles/Testing_STM32H563ZIT6.dir/Drivers/BSP/STM32H5xx_Nucleo/stm32h5xx_nucleo.c.obj
 .debug_abbrev  0x00000a0c      0x311 CMakeFiles/Testing_STM32H563ZIT6.dir/Drivers/STM32H5xx_HAL_Driver/Src/stm32h5xx_hal_cortex.c.obj
 .debug_abbrev  0x00000d1d      0x290 CMakeFiles/Testing_STM32H563ZIT6.dir/Drivers/STM32H5xx_HAL_Driver/Src/stm32h5xx_hal_rcc.c.obj
 .debug_abbrev  0x00000fad      0x269 CMakeFiles/Testing_STM32H563ZIT6.dir/Drivers/STM32H5xx_HAL_Driver/Src/stm32h5xx_hal_rcc_ex.c.obj
 .debug_abbrev  0x00001216      0x1db CMakeFiles/Testing_STM32H563ZIT6.dir/Drivers/STM32H5xx_HAL_Driver/Src/stm32h5xx_hal_gpio.c.obj
 .debug_abbrev  0x000013f1      0x2af CMakeFiles/Testing_STM32H563ZIT6.dir/Drivers/STM32H5xx_HAL_Driver/Src/stm32h5xx_hal.c.obj
 .debug_abbrev  0x000016a0      0x198 CMakeFiles/Testing_STM32H563ZIT6.dir/Drivers/STM32H5xx_HAL_Driver/Src/stm32h5xx_hal_exti.c.obj
 .debug_abbrev  0x00001838      0x305 CMakeFiles/Testing_STM32H563ZIT6.dir/Drivers/STM32H5xx_HAL_Driver/Src/stm32h5xx_hal_uart.c.obj
 .debug_abbrev  0x00001b3d      0x2d4 CMakeFiles/Testing_STM32H563ZIT6.dir/Drivers/STM32H5xx_HAL_Driver/Src/stm32h5xx_hal_uart_ex.c.obj
 .debug_abbrev  0x00001e11      0x13a CMakeFiles/Testing_STM32H563ZIT6.dir/Core/Src/system_stm32h5xx.c.obj
 .debug_abbrev  0x00001f4b       0x24 CMakeFiles/Testing_STM32H563ZIT6.dir/startup_stm32h563xx.s.obj
 .debug_abbrev  0x00001f6f       0x28 C:/ST/STM32CubeCLT_1.17.0/GNU-tools-for-STM32/bin/../lib/gcc/arm-none-eabi/12.3.1/../../../../arm-none-eabi/lib/thumb/v8-m.main+fp/hard\libg_nano.a(libc_a-strlen.o)

.debug_aranges  0x00000000      0xaf0
 .debug_aranges
                0x00000000       0x28 CMakeFiles/Testing_STM32H563ZIT6.dir/User/Src/superloop.c.obj
 .debug_aranges
                0x00000028       0x30 CMakeFiles/Testing_STM32H563ZIT6.dir/Core/Src/main.c.obj
 .debug_aranges
                0x00000058       0x20 CMakeFiles/Testing_STM32H563ZIT6.dir/Core/Src/gpio.c.obj
 .debug_aranges
                0x00000078       0x30 CMakeFiles/Testing_STM32H563ZIT6.dir/Core/Src/usart.c.obj
 .debug_aranges
                0x000000a8       0x68 CMakeFiles/Testing_STM32H563ZIT6.dir/Core/Src/stm32h5xx_it.c.obj
 .debug_aranges
                0x00000110       0x20 CMakeFiles/Testing_STM32H563ZIT6.dir/Core/Src/stm32h5xx_hal_msp.c.obj
 .debug_aranges
                0x00000130       0x90 CMakeFiles/Testing_STM32H563ZIT6.dir/Drivers/BSP/STM32H5xx_Nucleo/stm32h5xx_nucleo.c.obj
 .debug_aranges
                0x000001c0      0x140 CMakeFiles/Testing_STM32H563ZIT6.dir/Drivers/STM32H5xx_HAL_Driver/Src/stm32h5xx_hal_cortex.c.obj
 .debug_aranges
                0x00000300       0xa0 CMakeFiles/Testing_STM32H563ZIT6.dir/Drivers/STM32H5xx_HAL_Driver/Src/stm32h5xx_hal_rcc.c.obj
 .debug_aranges
                0x000003a0      0x108 CMakeFiles/Testing_STM32H563ZIT6.dir/Drivers/STM32H5xx_HAL_Driver/Src/stm32h5xx_hal_rcc_ex.c.obj
 .debug_aranges
                0x000004a8       0x78 CMakeFiles/Testing_STM32H563ZIT6.dir/Drivers/STM32H5xx_HAL_Driver/Src/stm32h5xx_hal_gpio.c.obj
 .debug_aranges
                0x00000520      0x200 CMakeFiles/Testing_STM32H563ZIT6.dir/Drivers/STM32H5xx_HAL_Driver/Src/stm32h5xx_hal.c.obj
 .debug_aranges
                0x00000720       0x70 CMakeFiles/Testing_STM32H563ZIT6.dir/Drivers/STM32H5xx_HAL_Driver/Src/stm32h5xx_hal_exti.c.obj
 .debug_aranges
                0x00000790      0x248 CMakeFiles/Testing_STM32H563ZIT6.dir/Drivers/STM32H5xx_HAL_Driver/Src/stm32h5xx_hal_uart.c.obj
 .debug_aranges
                0x000009d8       0xa8 CMakeFiles/Testing_STM32H563ZIT6.dir/Drivers/STM32H5xx_HAL_Driver/Src/stm32h5xx_hal_uart_ex.c.obj
 .debug_aranges
                0x00000a80       0x28 CMakeFiles/Testing_STM32H563ZIT6.dir/Core/Src/system_stm32h5xx.c.obj
 .debug_aranges
                0x00000aa8       0x28 CMakeFiles/Testing_STM32H563ZIT6.dir/startup_stm32h563xx.s.obj
 .debug_aranges
                0x00000ad0       0x20 C:/ST/STM32CubeCLT_1.17.0/GNU-tools-for-STM32/bin/../lib/gcc/arm-none-eabi/12.3.1/../../../../arm-none-eabi/lib/thumb/v8-m.main+fp/hard\libg_nano.a(libc_a-strlen.o)

.debug_rnglists
                0x00000000      0x83c
 .debug_rnglists
                0x00000000       0x19 CMakeFiles/Testing_STM32H563ZIT6.dir/User/Src/superloop.c.obj
 .debug_rnglists
                0x00000019       0x20 CMakeFiles/Testing_STM32H563ZIT6.dir/Core/Src/main.c.obj
 .debug_rnglists
                0x00000039       0x14 CMakeFiles/Testing_STM32H563ZIT6.dir/Core/Src/gpio.c.obj
 .debug_rnglists
                0x0000004d       0x21 CMakeFiles/Testing_STM32H563ZIT6.dir/Core/Src/usart.c.obj
 .debug_rnglists
                0x0000006e       0x49 CMakeFiles/Testing_STM32H563ZIT6.dir/Core/Src/stm32h5xx_it.c.obj
 .debug_rnglists
                0x000000b7       0x13 CMakeFiles/Testing_STM32H563ZIT6.dir/Core/Src/stm32h5xx_hal_msp.c.obj
 .debug_rnglists
                0x000000ca       0x69 CMakeFiles/Testing_STM32H563ZIT6.dir/Drivers/BSP/STM32H5xx_Nucleo/stm32h5xx_nucleo.c.obj
 .debug_rnglists
                0x00000133       0xec CMakeFiles/Testing_STM32H563ZIT6.dir/Drivers/STM32H5xx_HAL_Driver/Src/stm32h5xx_hal_cortex.c.obj
 .debug_rnglists
                0x0000021f       0x79 CMakeFiles/Testing_STM32H563ZIT6.dir/Drivers/STM32H5xx_HAL_Driver/Src/stm32h5xx_hal_rcc.c.obj
 .debug_rnglists
                0x00000298       0xcf CMakeFiles/Testing_STM32H563ZIT6.dir/Drivers/STM32H5xx_HAL_Driver/Src/stm32h5xx_hal_rcc_ex.c.obj
 .debug_rnglists
                0x00000367       0x57 CMakeFiles/Testing_STM32H563ZIT6.dir/Drivers/STM32H5xx_HAL_Driver/Src/stm32h5xx_hal_gpio.c.obj
 .debug_rnglists
                0x000003be      0x17d CMakeFiles/Testing_STM32H563ZIT6.dir/Drivers/STM32H5xx_HAL_Driver/Src/stm32h5xx_hal.c.obj
 .debug_rnglists
                0x0000053b       0x53 CMakeFiles/Testing_STM32H563ZIT6.dir/Drivers/STM32H5xx_HAL_Driver/Src/stm32h5xx_hal_exti.c.obj
 .debug_rnglists
                0x0000058e      0x1fb CMakeFiles/Testing_STM32H563ZIT6.dir/Drivers/STM32H5xx_HAL_Driver/Src/stm32h5xx_hal_uart.c.obj
 .debug_rnglists
                0x00000789       0x7f CMakeFiles/Testing_STM32H563ZIT6.dir/Drivers/STM32H5xx_HAL_Driver/Src/stm32h5xx_hal_uart_ex.c.obj
 .debug_rnglists
                0x00000808       0x1b CMakeFiles/Testing_STM32H563ZIT6.dir/Core/Src/system_stm32h5xx.c.obj
 .debug_rnglists
                0x00000823       0x19 CMakeFiles/Testing_STM32H563ZIT6.dir/startup_stm32h563xx.s.obj

.debug_macro    0x00000000    0x30ac0
 .debug_macro   0x00000000      0x27e CMakeFiles/Testing_STM32H563ZIT6.dir/User/Src/superloop.c.obj
 .debug_macro   0x0000027e      0xac0 CMakeFiles/Testing_STM32H563ZIT6.dir/User/Src/superloop.c.obj
 .debug_macro   0x00000d3e      0x1c4 CMakeFiles/Testing_STM32H563ZIT6.dir/User/Src/superloop.c.obj
 .debug_macro   0x00000f02       0x22 CMakeFiles/Testing_STM32H563ZIT6.dir/User/Src/superloop.c.obj
 .debug_macro   0x00000f24       0x6e CMakeFiles/Testing_STM32H563ZIT6.dir/User/Src/superloop.c.obj
 .debug_macro   0x00000f92       0x2a CMakeFiles/Testing_STM32H563ZIT6.dir/User/Src/superloop.c.obj
 .debug_macro   0x00000fbc       0x94 CMakeFiles/Testing_STM32H563ZIT6.dir/User/Src/superloop.c.obj
 .debug_macro   0x00001050       0x3c CMakeFiles/Testing_STM32H563ZIT6.dir/User/Src/superloop.c.obj
 .debug_macro   0x0000108c       0x34 CMakeFiles/Testing_STM32H563ZIT6.dir/User/Src/superloop.c.obj
 .debug_macro   0x000010c0      0x189 CMakeFiles/Testing_STM32H563ZIT6.dir/User/Src/superloop.c.obj
 .debug_macro   0x00001249       0x16 CMakeFiles/Testing_STM32H563ZIT6.dir/User/Src/superloop.c.obj
 .debug_macro   0x0000125f       0x43 CMakeFiles/Testing_STM32H563ZIT6.dir/User/Src/superloop.c.obj
 .debug_macro   0x000012a2       0x57 CMakeFiles/Testing_STM32H563ZIT6.dir/User/Src/superloop.c.obj
 .debug_macro   0x000012f9       0x34 CMakeFiles/Testing_STM32H563ZIT6.dir/User/Src/superloop.c.obj
 .debug_macro   0x0000132d       0x10 CMakeFiles/Testing_STM32H563ZIT6.dir/User/Src/superloop.c.obj
 .debug_macro   0x0000133d       0x58 CMakeFiles/Testing_STM32H563ZIT6.dir/User/Src/superloop.c.obj
 .debug_macro   0x00001395      0x1de CMakeFiles/Testing_STM32H563ZIT6.dir/User/Src/superloop.c.obj
 .debug_macro   0x00001573      0x369 CMakeFiles/Testing_STM32H563ZIT6.dir/User/Src/superloop.c.obj
 .debug_macro   0x000018dc      0x19b CMakeFiles/Testing_STM32H563ZIT6.dir/User/Src/superloop.c.obj
 .debug_macro   0x00001a77       0x28 CMakeFiles/Testing_STM32H563ZIT6.dir/User/Src/superloop.c.obj
 .debug_macro   0x00001a9f       0x49 CMakeFiles/Testing_STM32H563ZIT6.dir/User/Src/superloop.c.obj
 .debug_macro   0x00001ae8      0x103 CMakeFiles/Testing_STM32H563ZIT6.dir/User/Src/superloop.c.obj
 .debug_macro   0x00001beb       0x6a CMakeFiles/Testing_STM32H563ZIT6.dir/User/Src/superloop.c.obj
 .debug_macro   0x00001c55      0x1df CMakeFiles/Testing_STM32H563ZIT6.dir/User/Src/superloop.c.obj
 .debug_macro   0x00001e34       0x1c CMakeFiles/Testing_STM32H563ZIT6.dir/User/Src/superloop.c.obj
 .debug_macro   0x00001e50       0x29 CMakeFiles/Testing_STM32H563ZIT6.dir/User/Src/superloop.c.obj
 .debug_macro   0x00001e79       0xfb CMakeFiles/Testing_STM32H563ZIT6.dir/User/Src/superloop.c.obj
 .debug_macro   0x00001f74     0x1685 CMakeFiles/Testing_STM32H563ZIT6.dir/User/Src/superloop.c.obj
 .debug_macro   0x000035f9       0x5e CMakeFiles/Testing_STM32H563ZIT6.dir/User/Src/superloop.c.obj
 .debug_macro   0x00003657    0x211d5 CMakeFiles/Testing_STM32H563ZIT6.dir/User/Src/superloop.c.obj
 .debug_macro   0x0002482c       0x6d CMakeFiles/Testing_STM32H563ZIT6.dir/User/Src/superloop.c.obj
 .debug_macro   0x00024899     0x388a CMakeFiles/Testing_STM32H563ZIT6.dir/User/Src/superloop.c.obj
 .debug_macro   0x00028123       0x63 CMakeFiles/Testing_STM32H563ZIT6.dir/User/Src/superloop.c.obj
 .debug_macro   0x00028186     0x1f0d CMakeFiles/Testing_STM32H563ZIT6.dir/User/Src/superloop.c.obj
 .debug_macro   0x0002a093      0xe96 CMakeFiles/Testing_STM32H563ZIT6.dir/User/Src/superloop.c.obj
 .debug_macro   0x0002af29      0x166 CMakeFiles/Testing_STM32H563ZIT6.dir/User/Src/superloop.c.obj
 .debug_macro   0x0002b08f      0x307 CMakeFiles/Testing_STM32H563ZIT6.dir/User/Src/superloop.c.obj
 .debug_macro   0x0002b396      0x917 CMakeFiles/Testing_STM32H563ZIT6.dir/User/Src/superloop.c.obj
 .debug_macro   0x0002bcad      0x478 CMakeFiles/Testing_STM32H563ZIT6.dir/User/Src/superloop.c.obj
 .debug_macro   0x0002c125       0xd6 CMakeFiles/Testing_STM32H563ZIT6.dir/User/Src/superloop.c.obj
 .debug_macro   0x0002c1fb      0x1cd CMakeFiles/Testing_STM32H563ZIT6.dir/User/Src/superloop.c.obj
 .debug_macro   0x0002c3c8      0x55b CMakeFiles/Testing_STM32H563ZIT6.dir/User/Src/superloop.c.obj
 .debug_macro   0x0002c923      0x638 CMakeFiles/Testing_STM32H563ZIT6.dir/User/Src/superloop.c.obj
 .debug_macro   0x0002cf5b       0x7b CMakeFiles/Testing_STM32H563ZIT6.dir/User/Src/superloop.c.obj
 .debug_macro   0x0002cfd6      0x313 CMakeFiles/Testing_STM32H563ZIT6.dir/User/Src/superloop.c.obj
 .debug_macro   0x0002d2e9      0x1bb CMakeFiles/Testing_STM32H563ZIT6.dir/User/Src/superloop.c.obj
 .debug_macro   0x0002d4a4      0x693 CMakeFiles/Testing_STM32H563ZIT6.dir/User/Src/superloop.c.obj
 .debug_macro   0x0002db37       0xa6 CMakeFiles/Testing_STM32H563ZIT6.dir/User/Src/superloop.c.obj
 .debug_macro   0x0002dbdd      0x2a7 CMakeFiles/Testing_STM32H563ZIT6.dir/User/Src/superloop.c.obj
 .debug_macro   0x0002de84      0x47e CMakeFiles/Testing_STM32H563ZIT6.dir/User/Src/superloop.c.obj
 .debug_macro   0x0002e302       0x22 CMakeFiles/Testing_STM32H563ZIT6.dir/User/Src/superloop.c.obj
 .debug_macro   0x0002e324       0x52 CMakeFiles/Testing_STM32H563ZIT6.dir/User/Src/superloop.c.obj
 .debug_macro   0x0002e376       0xc7 CMakeFiles/Testing_STM32H563ZIT6.dir/User/Src/superloop.c.obj
 .debug_macro   0x0002e43d      0x154 CMakeFiles/Testing_STM32H563ZIT6.dir/User/Src/superloop.c.obj
 .debug_macro   0x0002e591      0x2d0 CMakeFiles/Testing_STM32H563ZIT6.dir/Core/Src/main.c.obj
 .debug_macro   0x0002e861       0x16 CMakeFiles/Testing_STM32H563ZIT6.dir/Core/Src/main.c.obj
 .debug_macro   0x0002e877      0x284 CMakeFiles/Testing_STM32H563ZIT6.dir/Core/Src/gpio.c.obj
 .debug_macro   0x0002eafb      0x284 CMakeFiles/Testing_STM32H563ZIT6.dir/Core/Src/usart.c.obj
 .debug_macro   0x0002ed7f      0x284 CMakeFiles/Testing_STM32H563ZIT6.dir/Core/Src/stm32h5xx_it.c.obj
 .debug_macro   0x0002f003      0x27a CMakeFiles/Testing_STM32H563ZIT6.dir/Core/Src/stm32h5xx_hal_msp.c.obj
 .debug_macro   0x0002f27d      0x277 CMakeFiles/Testing_STM32H563ZIT6.dir/Drivers/BSP/STM32H5xx_Nucleo/stm32h5xx_nucleo.c.obj
 .debug_macro   0x0002f4f4       0x1c CMakeFiles/Testing_STM32H563ZIT6.dir/Drivers/BSP/STM32H5xx_Nucleo/stm32h5xx_nucleo.c.obj
 .debug_macro   0x0002f510      0x24a CMakeFiles/Testing_STM32H563ZIT6.dir/Drivers/STM32H5xx_HAL_Driver/Src/stm32h5xx_hal_cortex.c.obj
 .debug_macro   0x0002f75a      0x28c CMakeFiles/Testing_STM32H563ZIT6.dir/Drivers/STM32H5xx_HAL_Driver/Src/stm32h5xx_hal_rcc.c.obj
 .debug_macro   0x0002f9e6      0x25c CMakeFiles/Testing_STM32H563ZIT6.dir/Drivers/STM32H5xx_HAL_Driver/Src/stm32h5xx_hal_rcc_ex.c.obj
 .debug_macro   0x0002fc42      0x280 CMakeFiles/Testing_STM32H563ZIT6.dir/Drivers/STM32H5xx_HAL_Driver/Src/stm32h5xx_hal_gpio.c.obj
 .debug_macro   0x0002fec2      0x280 CMakeFiles/Testing_STM32H563ZIT6.dir/Drivers/STM32H5xx_HAL_Driver/Src/stm32h5xx_hal.c.obj
 .debug_macro   0x00030142      0x262 CMakeFiles/Testing_STM32H563ZIT6.dir/Drivers/STM32H5xx_HAL_Driver/Src/stm32h5xx_hal_exti.c.obj
 .debug_macro   0x000303a4      0x275 CMakeFiles/Testing_STM32H563ZIT6.dir/Drivers/STM32H5xx_HAL_Driver/Src/stm32h5xx_hal_uart.c.obj
 .debug_macro   0x00030619      0x256 CMakeFiles/Testing_STM32H563ZIT6.dir/Drivers/STM32H5xx_HAL_Driver/Src/stm32h5xx_hal_uart_ex.c.obj
 .debug_macro   0x0003086f      0x251 CMakeFiles/Testing_STM32H563ZIT6.dir/Core/Src/system_stm32h5xx.c.obj

.debug_line     0x00000000    0x11b86
 .debug_line    0x00000000      0xa61 CMakeFiles/Testing_STM32H563ZIT6.dir/User/Src/superloop.c.obj
 .debug_line    0x00000a61      0xb59 CMakeFiles/Testing_STM32H563ZIT6.dir/Core/Src/main.c.obj
 .debug_line    0x000015ba      0xa5b CMakeFiles/Testing_STM32H563ZIT6.dir/Core/Src/gpio.c.obj
 .debug_line    0x00002015      0xa78 CMakeFiles/Testing_STM32H563ZIT6.dir/Core/Src/usart.c.obj
 .debug_line    0x00002a8d      0xab2 CMakeFiles/Testing_STM32H563ZIT6.dir/Core/Src/stm32h5xx_it.c.obj
 .debug_line    0x0000353f      0x9d3 CMakeFiles/Testing_STM32H563ZIT6.dir/Core/Src/stm32h5xx_hal_msp.c.obj
 .debug_line    0x00003f12      0xbae CMakeFiles/Testing_STM32H563ZIT6.dir/Drivers/BSP/STM32H5xx_Nucleo/stm32h5xx_nucleo.c.obj
 .debug_line    0x00004ac0      0xf58 CMakeFiles/Testing_STM32H563ZIT6.dir/Drivers/STM32H5xx_HAL_Driver/Src/stm32h5xx_hal_cortex.c.obj
 .debug_line    0x00005a18     0x1363 CMakeFiles/Testing_STM32H563ZIT6.dir/Drivers/STM32H5xx_HAL_Driver/Src/stm32h5xx_hal_rcc.c.obj
 .debug_line    0x00006d7b     0x2eb4 CMakeFiles/Testing_STM32H563ZIT6.dir/Drivers/STM32H5xx_HAL_Driver/Src/stm32h5xx_hal_rcc_ex.c.obj
 .debug_line    0x00009c2f      0xce4 CMakeFiles/Testing_STM32H563ZIT6.dir/Drivers/STM32H5xx_HAL_Driver/Src/stm32h5xx_hal_gpio.c.obj
 .debug_line    0x0000a913      0xff0 CMakeFiles/Testing_STM32H563ZIT6.dir/Drivers/STM32H5xx_HAL_Driver/Src/stm32h5xx_hal.c.obj
 .debug_line    0x0000b903      0xd2f CMakeFiles/Testing_STM32H563ZIT6.dir/Drivers/STM32H5xx_HAL_Driver/Src/stm32h5xx_hal_exti.c.obj
 .debug_line    0x0000c632     0x3ae3 CMakeFiles/Testing_STM32H563ZIT6.dir/Drivers/STM32H5xx_HAL_Driver/Src/stm32h5xx_hal_uart.c.obj
 .debug_line    0x00010115      0xf3e CMakeFiles/Testing_STM32H563ZIT6.dir/Drivers/STM32H5xx_HAL_Driver/Src/stm32h5xx_hal_uart_ex.c.obj
 .debug_line    0x00011053      0xa69 CMakeFiles/Testing_STM32H563ZIT6.dir/Core/Src/system_stm32h5xx.c.obj
 .debug_line    0x00011abc       0x7b CMakeFiles/Testing_STM32H563ZIT6.dir/startup_stm32h563xx.s.obj
 .debug_line    0x00011b37       0x4f C:/ST/STM32CubeCLT_1.17.0/GNU-tools-for-STM32/bin/../lib/gcc/arm-none-eabi/12.3.1/../../../../arm-none-eabi/lib/thumb/v8-m.main+fp/hard\libg_nano.a(libc_a-strlen.o)

.debug_str      0x00000000   0x130b89
 .debug_str     0x00000000   0x12ba51 CMakeFiles/Testing_STM32H563ZIT6.dir/User/Src/superloop.c.obj
                             0x12bd33 (size before relaxing)
 .debug_str     0x0012ba51      0xd3b CMakeFiles/Testing_STM32H563ZIT6.dir/Core/Src/main.c.obj
                             0x12ca88 (size before relaxing)
 .debug_str     0x0012c78c      0x2b8 CMakeFiles/Testing_STM32H563ZIT6.dir/Core/Src/gpio.c.obj
                             0x12c01c (size before relaxing)
 .debug_str     0x0012ca44      0x5b3 CMakeFiles/Testing_STM32H563ZIT6.dir/Core/Src/usart.c.obj
                             0x12cbc3 (size before relaxing)
 .debug_str     0x0012cff7      0x158 CMakeFiles/Testing_STM32H563ZIT6.dir/Core/Src/stm32h5xx_it.c.obj
                             0x12be15 (size before relaxing)
 .debug_str     0x0012d14f       0x97 CMakeFiles/Testing_STM32H563ZIT6.dir/Core/Src/stm32h5xx_hal_msp.c.obj
                             0x12bd2e (size before relaxing)
 .debug_str     0x0012d1e6      0xa6e CMakeFiles/Testing_STM32H563ZIT6.dir/Drivers/BSP/STM32H5xx_Nucleo/stm32h5xx_nucleo.c.obj
                             0x12c5d6 (size before relaxing)
 .debug_str     0x0012dc54      0x5ae CMakeFiles/Testing_STM32H563ZIT6.dir/Drivers/STM32H5xx_HAL_Driver/Src/stm32h5xx_hal_cortex.c.obj
                             0x12c19f (size before relaxing)
 .debug_str     0x0012e202      0x4a4 CMakeFiles/Testing_STM32H563ZIT6.dir/Drivers/STM32H5xx_HAL_Driver/Src/stm32h5xx_hal_rcc.c.obj
                             0x12bd09 (size before relaxing)
 .debug_str     0x0012e6a6      0x750 CMakeFiles/Testing_STM32H563ZIT6.dir/Drivers/STM32H5xx_HAL_Driver/Src/stm32h5xx_hal_rcc_ex.c.obj
                             0x12c053 (size before relaxing)
 .debug_str     0x0012edf6      0x30d CMakeFiles/Testing_STM32H563ZIT6.dir/Drivers/STM32H5xx_HAL_Driver/Src/stm32h5xx_hal_gpio.c.obj
                             0x12b529 (size before relaxing)
 .debug_str     0x0012f103      0x916 CMakeFiles/Testing_STM32H563ZIT6.dir/Drivers/STM32H5xx_HAL_Driver/Src/stm32h5xx_hal.c.obj
                             0x12c610 (size before relaxing)
 .debug_str     0x0012fa19      0x259 CMakeFiles/Testing_STM32H563ZIT6.dir/Drivers/STM32H5xx_HAL_Driver/Src/stm32h5xx_hal_exti.c.obj
                             0x12b4f6 (size before relaxing)
 .debug_str     0x0012fc72      0x9f5 CMakeFiles/Testing_STM32H563ZIT6.dir/Drivers/STM32H5xx_HAL_Driver/Src/stm32h5xx_hal_uart.c.obj
                             0x12c20a (size before relaxing)
 .debug_str     0x00130667      0x2d6 CMakeFiles/Testing_STM32H563ZIT6.dir/Drivers/STM32H5xx_HAL_Driver/Src/stm32h5xx_hal_uart_ex.c.obj
                             0x12bbdb (size before relaxing)
 .debug_str     0x0013093d       0xca CMakeFiles/Testing_STM32H563ZIT6.dir/Core/Src/system_stm32h5xx.c.obj
                             0x12b7c4 (size before relaxing)
 .debug_str     0x00130a07       0xa0 CMakeFiles/Testing_STM32H563ZIT6.dir/startup_stm32h563xx.s.obj
                                0x11a (size before relaxing)
 .debug_str     0x00130aa7       0xe2 C:/ST/STM32CubeCLT_1.17.0/GNU-tools-for-STM32/bin/../lib/gcc/arm-none-eabi/12.3.1/../../../../arm-none-eabi/lib/thumb/v8-m.main+fp/hard\libg_nano.a(libc_a-strlen.o)
                                 0xf7 (size before relaxing)

.comment        0x00000000       0x43
 .comment       0x00000000       0x43 CMakeFiles/Testing_STM32H563ZIT6.dir/User/Src/superloop.c.obj
                                 0x44 (size before relaxing)
 .comment       0x00000043       0x44 CMakeFiles/Testing_STM32H563ZIT6.dir/Core/Src/main.c.obj
 .comment       0x00000043       0x44 CMakeFiles/Testing_STM32H563ZIT6.dir/Core/Src/gpio.c.obj
 .comment       0x00000043       0x44 CMakeFiles/Testing_STM32H563ZIT6.dir/Core/Src/usart.c.obj
 .comment       0x00000043       0x44 CMakeFiles/Testing_STM32H563ZIT6.dir/Core/Src/stm32h5xx_it.c.obj
 .comment       0x00000043       0x44 CMakeFiles/Testing_STM32H563ZIT6.dir/Core/Src/stm32h5xx_hal_msp.c.obj
 .comment       0x00000043       0x44 CMakeFiles/Testing_STM32H563ZIT6.dir/Drivers/BSP/STM32H5xx_Nucleo/stm32h5xx_nucleo.c.obj
 .comment       0x00000043       0x44 CMakeFiles/Testing_STM32H563ZIT6.dir/Drivers/STM32H5xx_HAL_Driver/Src/stm32h5xx_hal_cortex.c.obj
 .comment       0x00000043       0x44 CMakeFiles/Testing_STM32H563ZIT6.dir/Drivers/STM32H5xx_HAL_Driver/Src/stm32h5xx_hal_rcc.c.obj
 .comment       0x00000043       0x44 CMakeFiles/Testing_STM32H563ZIT6.dir/Drivers/STM32H5xx_HAL_Driver/Src/stm32h5xx_hal_rcc_ex.c.obj
 .comment       0x00000043       0x44 CMakeFiles/Testing_STM32H563ZIT6.dir/Drivers/STM32H5xx_HAL_Driver/Src/stm32h5xx_hal_gpio.c.obj
 .comment       0x00000043       0x44 CMakeFiles/Testing_STM32H563ZIT6.dir/Drivers/STM32H5xx_HAL_Driver/Src/stm32h5xx_hal.c.obj
 .comment       0x00000043       0x44 CMakeFiles/Testing_STM32H563ZIT6.dir/Drivers/STM32H5xx_HAL_Driver/Src/stm32h5xx_hal_exti.c.obj
 .comment       0x00000043       0x44 CMakeFiles/Testing_STM32H563ZIT6.dir/Drivers/STM32H5xx_HAL_Driver/Src/stm32h5xx_hal_uart.c.obj
 .comment       0x00000043       0x44 CMakeFiles/Testing_STM32H563ZIT6.dir/Drivers/STM32H5xx_HAL_Driver/Src/stm32h5xx_hal_uart_ex.c.obj
 .comment       0x00000043       0x44 CMakeFiles/Testing_STM32H563ZIT6.dir/Core/Src/system_stm32h5xx.c.obj

.debug_line_str
                0x00000000      0x1e0
 .debug_line_str
                0x00000000       0xfe CMakeFiles/Testing_STM32H563ZIT6.dir/startup_stm32h563xx.s.obj
 .debug_line_str
                0x000000fe       0xe2 C:/ST/STM32CubeCLT_1.17.0/GNU-tools-for-STM32/bin/../lib/gcc/arm-none-eabi/12.3.1/../../../../arm-none-eabi/lib/thumb/v8-m.main+fp/hard\libg_nano.a(libc_a-strlen.o)
